!LAD:
! LLADSCIN_ID= 33   ADC+,ADC-,TDC+,TDC-

DETECTOR=33

ROC=9

! F250 modules
SLOT=14
! chan   plane     bar     sig
        0,       1,      1,      1!    l1x01A-
        1,       1,      2,      1!    l1x02A-
        2,       1,      3,      1!    l1x03A-
        3,       1,      4,      1!    l1x04A-
        4,       1,      5,      1!    l1x05A-
        5,       1,      6,      1!    l1x06A-
        6,       1,      7,      1!    l1x07A-
        7,       1,      8,      1!    l1x08A-
        8,       1,      1,      0!    l1x01A+
        9,       1,      2,      0!    l1x02A+
        10,      1,      3,      0!    l1x03A+
        11,      1,      4,      0!    l2x04A+
        12,      1,      5,      0!    l2x05A+
        13,      1,      6,      0!    l2x06A+
        14,      1,      7,      0!    l2x07A+
        15,      1,      8,      0!    l2x08A+

SLOT=15
! chan   plane     bar     sig
        0,       1,      9,      1!    l1x09A-
        1,       1,     10,      1!    l1x10A-
        2,       1,     11,      1!    l1x11A-
        3,       2,      1,      1!    l2x01A-
        4,       2,      2,      1!    l2x02A-
        5,       2,      3,      1!    l2x03A-
        6,       2,      4,      1!    l2x04A-
        7,       2,      5,      1!    l2x05A-
        8,       1,      9,      0!    l1x09A+
        9,       1,     10,      0!    l1x10A+
        10,      1,     11,      0!    l1x11A+
        11,      2,      1,      0!    l2x01A+
        12,      2,      2,      0!    l2x02A+
        13,      2,      3,      0!    l2x03A+
        14,      2,      4,      0!    l2x04A+
        15,      2,      5,      0!    l2x05A+

SLOT=16
! chan   plane     bar     sig
        0,       2,      6,      1!    l2x06A-
        1,       2,      7,      1!    l2x07A-
        2,       2,      8,      1!    l2x08A-
        3,       2,      9,      1!    l2x09A-
        4,       2,     10,      1!    l2x10A-
        5,       2,     11,      1!    l2x11A-
        6,       3,      1,      1!    l3x01A-
        7,       3,      2,      1!    l3x02A-
        8,       2,      6,      0!    l2x06A+
        9,       2,      7,      0!    l2x07A+
        10,      2,      8,      0!    l2x08A+
        11,      2,      9,      0!    l2x09A+
        12,      2,     10,      0!    l2x10A+
        13,      2,     11,      0!    l2x11A+
        14,      3,      1,      0!    l3x01A+
        15,      3,      2,      0!    l3x02A+


SLOT=17
! chan   plane     bar     sig
        0,       3,      3,      1!    l3x03A-
        1,       3,      4,      1!    l3x04A-
        2,       3,      5,      1!    l3x05A-
        3,       3,      6,      1!    l3x06A-
        4,       3,      7,      1!    l3x07A-
        5,       3,      8,      1!    l3x08A-
        6,       3,      9,      1!    l3x09A-
        7,       3,     10,      1!    l3x10A-
        8,       3,      3,      0!    l3x03A+
        9,       3,      4,      0!    l3x04A+
        10,      3,      5,      0!    l3x05A+
        11,      3,      6,      0!    l3x06A+
        12,      3,      7,      0!    l3x07A+
        13,      3,      8,      0!    l3x08A+
        14,      3,      9,      0!    l3x09A+
        15,      3,     10,      0!    l3x10A+

SLOT=18
! chan   plane     bar     sig
        0,       3,     11,      1!    l3x11A-
        1,       4,      1,      1!    l4x01A-
        2,       4,      2,      1!    l4x02A-
        3,       4,      3,      1!    l4x03A-
        4,       4,      4,      1!    l4x04A-
        5,       4,      5,      1!    l4x05A-
        6,       4,      6,      1!    l4x06A-
        7,       4,      7,      1!    l4x07A-
        8,       3,     11,      0!    l3x11A+
        9,       4,      1,      0!    l4x01A+
        10,      4,      2,      0!    l4x02A+
        11,      4,      3,      0!    l4x03A+
        12,      4,      4,      0!    l4x04A+
        13,      4,      5,      0!    l4x05A+
        14,      4,      6,      0!    l4x06A+
        15,      4,      7,      0!    l4x07A+

SLOT=19
! chan   plane     bar     sig
        0,       4,      8,      1!    l4x08A-
        1,       4,      9,      1!    l4x09A-
        2,       4,     10,      1!    l4x10A-
        3,       4,     11,      1!    l4x11A-
        4,       5,      1,      1!    l5x01A-
        5,       5,      2,      1!    l5x02A-
        6,       5,      3,      1!    l5x03A-
        7,       5,      4,      1!    l5x04A-
        8,       4,      8,      0!    l4x05A+
        9,       4,      9,      0!    l4x06A+
        10,      4,     10,      0!    l4x10A+
        11,      4,     11,      0!    l4x11A+
        12,      5,      1,      0!    l5x01A+
        13,      5,      2,      0!    l5x02A+
        14,      5,      3,      0!    l5x03A+
        15,      5,      4,      0!    l5x04A+

SLOT=20
! chan   plane    bar     sig
        0,       5,      5,      1!    l5x05A-
        1,       5,      6,      1!    l5x06A-
        2,       5,      7,      1!    l5x07A-
        3,       5,      8,      1!    l5x08A-
        4,       5,      9,      1!    l5x09A-
        5,       5,     10,      1!    l5x10A-
        6,       5,     11,      1!    l5x11A-
        8,       5,      5,      0!    l5x05A+
        9,       5,      6,      0!    l5x06A+
        10,      5,      7,      0!    l5x07A+
        11,      5,      8,      0!    l5x08A+
        12,      5,      9,      0!    l5x09A+
        13,      5,     10,      0!    l5x10A+
        14,      5,     11,      0!    l5x11A+

! Caen 1190 module
SLOT=13

! chan   plane     bar     sig
        0,       1,      1,      1!    l1x01T-
        1,       1,      2,      1!    l1x02T-
        2,       1,      3,      1!    l1x03T-
        3,       1,      4,      1!    l1x04T-
        4,       1,      5,      1!    l1x05T-
        5,       1,      6,      1!    l1x06T-
        6,       1,      7,      1!    l1x07T-
        7,       1,      8,      1!    l1x08T-
        8,       1,      1,      0!    l1x01T+
        9,       1,      2,      0!    l1x02T+
        10,      1,      3,      0!    l1x03T+
        11,      1,      4,      0!    l2x04T+
        12,      1,      5,      0!    l2x05T+
        13,      1,      6,      0!    l2x06T+
        14,      1,      7,      0!    l2x07T+
        15,      1,      8,      0!    l2x08T+

! chan   plane     bar     sig
        16,      1,      9,      1!    l1x09T-
        17,      1,     10,      1!    l1x10T-
        18,      1,     11,      1!    l1x11T-
        19,      2,      1,      1!    l2x01T-
        20,      2,      2,      1!    l2x02T-
        21,      2,      3,      1!    l2x03T-
        22,      2,      4,      1!    l2x04T-
        23,      2,      5,      1!    l2x05T-
        24,      1,      9,      0!    l1x09T+
        25,      1,     10,      0!    l1x10T+
        26,      1,     11,      0!    l1x11T+
        27,      2,      1,      0!    l2x01T+
        28,      2,      2,      0!    l2x02T+
        29,      2,      3,      0!    l2x03T+
        30,      2,      4,      0!    l2x04T+
        31,      2,      5,      0!    l2x05T+

! chan   plane     bar     sig
        32,      2,      6,      1!    l2x06T-
        33,      2,      7,      1!    l2x07T-
        34,      2,      8,      1!    l2x08T-
        35,      2,      9,      1!    l2x09T-
        36,      2,     10,      1!    l2x10T-
        37,      2,     11,      1!    l2x11T-
        38,      3,      1,      1!    l3x01T-
        39,      3,      2,      1!    l3x02T-
        40,      2,      6,      0!    l2x06T+
        41,      2,      7,      0!    l2x07T+
        42,      2,      8,      0!    l2x08T+
        43,      2,      9,      0!    l2x09T+
        44,      2,     10,      0!    l2x10T+
        45,      2,     11,      0!    l2x11T+
        46,      3,      1,      0!    l3x01T+
        47,      3,      2,      0!    l3x02T+

! chan   plane     bar     sig
        48,       3,      3,      1!    l3x03T-
        49,       3,      4,      1!    l3x04T-
        50,       3,      5,      1!    l3x05T-
        51,       3,      6,      1!    l3x06T-
        52,       3,      7,      1!    l3x07T-
        53,       3,      8,      1!    l3x08T-
        54,       3,      9,      1!    l3x09T-
        55,       3,     10,      1!    l3x10T-
        56,       3,      3,      0!    l3x03T+
        57,       3,      4,      0!    l3x04T+
        58,       3,      5,      0!    l3x05T+
        59,       3,      6,      0!    l3x06T+
        60,       3,      7,      0!    l3x07T+
        61,       3,      8,      0!    l3x08T+
        62,       3,      9,      0!    l3x09T+
        63,       3,     10,      0!    l3x10T+

! chan   plane     bar     sig
        64,       3,     11,      1!    l3x11T-
        65,       4,      1,      1!    l4x01T-
        66,       4,      2,      1!    l4x02T-
        67,       4,      3,      1!    l4x03T-
        68,       4,      4,      1!    l4x04T-
        69,       4,      5,      1!    l4x05T-
        70,       4,      6,      1!    l4x06T-
        71,       4,      7,      1!    l4x07T-
        72,       3,     11,      0!    l3x11T+
        73,       4,      1,      0!    l4x01T+
        74,       4,      2,      0!    l4x02T+
        75,       4,      3,      0!    l4x03T+
        76,       4,      4,      0!    l4x04T+
        77,       4,      5,      0!    l4x05T+
        78,       4,      6,      0!    l4x06T+
        79,       4,      7,      0!    l4x07T+

! chan   plane     bar     sig
        80,       4,      8,      1!    l4x08T-
        81,       4,      9,      1!    l4x09T-
        82,       4,     10,      1!    l4x10T-
        83,       4,     11,      1!    l4x11T-
        84,       5,      1,      1!    l5x01T-
        85,       5,      2,      1!    l5x02T-
        86,       5,      3,      1!    l5x03T-
        87,       5,      4,      1!    l5x04T-
        88,       4,      8,      0!    l4x05T+
        89,       4,      9,      0!    l4x06T+
        90,       4,     10,      0!    l4x10T+
        91,       4,     11,      0!    l4x11T+
        92,       5,      1,      0!    l5x01T+
        93,       5,      2,      0!    l5x02T+
        94,       5,      3,      0!    l5x03T+
        95,       5,      4,      0!    l5x04T+

! chan   plane    bar     sig
        96,       5,      5,      1!    l5x05T-
        97,       5,      6,      1!    l5x06T-
        98,       5,      7,      1!    l5x07T-
        99,       5,      8,      1!    l5x08T-
       100,       5,      9,      1!    l5x09T-
       101,       5,     10,      1!    l5x10T-
       102,       5,     11,      1!    l5x11T-
       104,       5,      5,      0!    l5x05T+
       105,       5,      6,      0!    l5x06T+
       106,       5,      7,      0!    l5x07T+
       107,       5,      8,      0!    l5x08T+
       108,       5,      9,      0!    l5x09T+
       109,       5,     10,      0!    l5x10T+
       110,       5,     11,      0!    l5x11T+
