input /ceph/submit/data/user/e/ehingerl/hallc/lad_tof_scratch/rf_check/seg0_ifarm/rf_check_seg0.root, photon sample 'all', 1361 runs; current table /work/submit/ehingerl/hallc/software/lad_replay/CALIBRATION/lad_tof/../../PARAM/LAD/LADKINE/lladkine.param; proposed files/rf_check/l_rf_offset_proposed.param

Summed photon peak (all runs), free Gaussian core fit:
  P noRF : mu   0.827 +- 0.028  sigma 2.336  FWHM 8.52  Nsig 613991
  P cur  : mu   0.389 +- 0.013  sigma 1.085  FWHM 1.90  Nsig 348566
  P run  : mu   0.383 +- 0.014  sigma 1.139  FWHM 1.96  Nsig 359503
  P new  : mu   0.390 +- 0.013  sigma 1.085  FWHM 1.90  Nsig 348561
  H noRF : mu   2.195 +- 0.022  sigma 3.821  FWHM 9.43  Nsig 1656472
  H cur  : mu   1.403 +- 0.024  sigma 2.938  FWHM 7.22  Nsig 1447668
  H run  : mu   1.098 +- 0.021  sigma 2.580  FWHM 6.88  Nsig 1317548
  H new  : mu   1.099 +- 0.021  sigma 2.582  FWHM 7.25  Nsig 1317555

P: phase - get_RF_offset_fit phase over 1190 runs: median +0.001 ns; |diff| > 0.05 ns: [(23015, -0.14)]
   phase width (circular, Gaussian-equivalent) 0.31-0.59 ns; circular mean - mode +0.099 ns; z-corrected - old phase max 0.870 ns
   drift test: d(mu_noRF)/d(phase - table) = +3.85 +- 2.03 (RF drift -> 0, spectrometer drift -> -1), phase range -0.034..+0.032 ns, chi2/ndf 69.9/38
     table period from run 22560: mu_noRF +1.528 +- 0.088 ns
     table period from run 22661: mu_noRF +0.912 +- 0.267 ns
     table period from run 22745: mu_noRF +0.571 +- 0.033 ns
     table period from run 23597: mu_noRF +0.629 +- 0.043 ns
H: phase - get_RF_offset_fit phase over 1186 runs: median -0.001 ns; |diff| > 0.05 ns: [(22180, 1.56), (22206, -1.91), (22237, 1.95), (22244, 1.6), (22293, 1.87), (22844, 1.8), (22960, 0.08), (23206, -1.28), (23493, -0.07), (23585, 0.12)]
   phase width (circular, Gaussian-equivalent) 0.22-1.02 ns; circular mean - mode -0.055 ns; z-corrected - old phase max 0.503 ns
   drift test: d(mu_noRF)/d(phase - table) = -0.24 +- 0.06 (RF drift -> 0, spectrometer drift -> -1), phase range -0.074..+1.917 ns, chi2/ndf 288.1/80
     table period from run 22560: mu_noRF +2.183 +- 0.049 ns
     table period from run 22661: mu_noRF +2.268 +- 0.074 ns
     table period from run 22745: mu_noRF +2.052 +- 0.022 ns
     table period from run 23597: mu_noRF +2.148 +- 0.065 ns

Run groups (fixed-width fits; mu in ns):
sp        runs nrun     n_ph  phase -table |          noRF            cur            run            new
P  22013-22292  153  4015855  0.290  0.150 |    nan+-nan     nan+-nan     nan+-nan     nan+-nan
P  22293-22480  140  3690453  0.161  0.150 |    nan+-nan   2.347+-0.849     nan+-nan   2.347+-0.849
P  22560-22614   36  4060580  0.346  0.340 |  1.529+-0.096   1.078+-0.074   1.069+-0.069   1.078+-0.074
P  22615-22643   25  4095386  0.348  0.340 |  1.658+-0.210     nan+-nan   1.332+-4.534     nan+-nan
P  22644-22660   13  2151274  0.351  0.340 |    nan+-nan   0.789+-0.287   0.832+-0.230   0.789+-0.287
P  22661-22693   24  4146675  2.364  2.360 |  2.151+-0.304     nan+-nan   1.468+-0.514     nan+-nan
P  22694-22711   15  2813422  2.361  2.360 |  0.915+-0.267   0.636+-0.156   0.612+-0.129   0.636+-0.156
P  22745-22756   11  4208947  0.373  0.340 |  2.030+-1.213   0.252+-0.247   0.199+-0.231   0.182+-0.185
P  22757-22772   16  4244413  0.357  0.340 |  2.469+-1.584   0.567+-0.170   0.520+-0.194   0.567+-0.170
P  22773-22791   16  4087114  0.345  0.340 |  1.711+-1.074     nan+-nan     nan+-nan     nan+-nan
P  22792-22852   19  4113329  0.330  0.340 |  0.672+-0.219   0.381+-0.128   0.371+-0.145   0.381+-0.128
P  22853-22873   20  4108091  0.328  0.340 |  0.330+-0.208   0.275+-0.225   0.244+-0.177   0.275+-0.225
P  22874-22900   24  4169992  0.328  0.340 |    nan+-nan   0.338+-0.103   0.318+-0.129   0.338+-0.103
P  22902-22934   22  4125959  0.328  0.340 |  1.558+-0.500   0.325+-0.211   0.369+-0.295   0.325+-0.211
P  22936-22959   20  4021348  0.322  0.340 |  1.971+-0.444   0.455+-0.112   0.463+-0.104   0.455+-0.112
P  22960-22978   18  4002903  0.339  0.340 |  0.729+-0.361   0.223+-0.092   0.289+-0.105   0.223+-0.092
P  22979-23002   19  4106099  0.335  0.340 |  2.600+-3.177   0.407+-0.145   0.398+-0.151   0.407+-0.145
P  23003-23022   18  4086800  0.334  0.340 |  3.838+-2.259   0.547+-0.105   0.545+-0.108   0.547+-0.105
P  23023-23034   10  4217809  0.329  0.340 |  0.364+-0.168   0.412+-0.075   0.410+-0.075   0.412+-0.075
P  23035-23045   10  4214750  0.332  0.340 |  0.601+-0.234   0.285+-0.086   0.286+-0.090   0.285+-0.086
P  23046-23056   10  4246632  0.334  0.340 |  0.118+-0.149   0.184+-0.181   0.247+-0.155   0.184+-0.181
P  23057-23067   10  4058147  0.330  0.340 |  3.997+-3.812   0.836+-0.305   0.552+-0.113   0.836+-0.305
P  23068-23078   10  4168915  0.331  0.340 |  2.251+-0.555     nan+-nan   0.831+-0.162     nan+-nan
P  23079-23092   10  4126650  0.335  0.340 |  0.677+-0.260   0.495+-0.199   0.399+-0.195   0.495+-0.199
P  23093-23102   10  4288516  0.299  0.340 |    nan+-nan   0.295+-0.087   0.275+-0.093   0.295+-0.087
P  23104-23119   12  4675384  0.335  0.340 |  0.463+-0.153   0.383+-0.074   0.392+-0.077   0.383+-0.074
P  23120-23139   13  4301581  0.340  0.340 |    nan+-nan   0.263+-0.183   0.457+-0.348   0.263+-0.183
P  23140-23150   11  4290372  0.359  0.340 |  2.349+-0.854   0.573+-0.170   0.529+-0.131   0.573+-0.170
P  23151-23160   10  4089565  0.310  0.340 |  0.346+-0.192   0.239+-0.199   0.215+-0.210   0.239+-0.199
P  23161-23172   10  4224179  0.306  0.340 |  2.159+-1.510   0.190+-0.156   0.303+-0.166   0.190+-0.156
P  23173-23182   10  4034702  0.306  0.340 |  0.878+-0.224   0.232+-0.098   0.301+-0.099   0.232+-0.098
P  23183-23193   10  4009131  0.323  0.340 |  0.753+-0.205   0.602+-0.070   0.593+-0.067   0.602+-0.070
P  23194-23204   11  4322904  0.363  0.340 |  0.783+-0.227   0.418+-0.077   0.449+-0.100   0.418+-0.077
P  23205-23213    9  4355020  0.325  0.340 |  1.060+-0.355   0.172+-0.123   0.172+-0.112   0.172+-0.123
P  23216-23225   10  4115571  0.330  0.340 |  1.901+-0.464   0.457+-0.126   0.553+-0.142   0.457+-0.126
P  23227-23239   12  4126288  0.368  0.340 |  0.792+-0.292   0.225+-0.117   0.204+-0.130   0.225+-0.117
P  23240-23257   13  4104607  0.321  0.340 |  0.535+-0.200   0.236+-0.158   0.258+-0.187   0.236+-0.158
P  23258-23269   10  4200167  0.321  0.340 |  1.176+-1.285   0.450+-0.148   0.421+-0.173   0.450+-0.148
P  23270-23280   11  4320164  0.364  0.340 |    nan+-nan   0.319+-0.076   0.299+-0.086   0.319+-0.076
P  23281-23293   12  4153986  0.367  0.340 |  1.280+-0.412   0.253+-0.099   0.263+-0.114   0.253+-0.099
P  23294-23304   11  4014222  0.367  0.340 |  0.945+-0.264   0.341+-0.084   0.324+-0.086   0.341+-0.084
P  23305-23318   11  4106156  0.321  0.340 |  1.101+-0.269   0.354+-0.093   0.338+-0.079   0.354+-0.093
P  23319-23329   11  4089553  0.340  0.340 |  1.883+-0.571   0.416+-0.117   0.522+-0.128   0.416+-0.117
P  23330-23341   11  4022268  0.371  0.340 |    nan+-nan   0.575+-0.145   0.773+-0.237   0.575+-0.145
P  23342-23354   12  4325021  0.368  0.340 |  0.744+-0.196   0.451+-0.112   0.444+-0.120   0.451+-0.112
P  23355-23366   11  4069419  0.330  0.340 |  2.007+-0.529   0.327+-0.091   0.280+-0.099   0.327+-0.091
P  23367-23381   12  4373514  0.334  0.340 |  2.150+-1.304     nan+-nan   0.485+-0.170     nan+-nan
P  23382-23397   11  4045646  0.372  0.340 |  0.727+-0.189   0.622+-0.143   0.614+-0.144   0.622+-0.143
P  23398-23423   26  4162393  0.349  0.340 |  0.872+-0.097   0.425+-0.058   0.424+-0.059   0.425+-0.058
P  23424-23446   18  4143386  0.354  0.340 |  0.927+-0.164   0.353+-0.062   0.350+-0.065   0.353+-0.062
P  23447-23476   18  4115067  0.351  0.340 |  0.464+-0.055   0.330+-0.043   0.327+-0.043   0.330+-0.043
P  23477-23483    7  4111509  0.355  0.340 |  2.592+-1.437   0.402+-0.134   0.311+-0.136   0.402+-0.134
P  23484-23491    7  4175208  0.349  0.340 |  0.720+-0.265   0.489+-0.173   0.400+-0.125   0.489+-0.173
P  23492-23499    8  4326019  0.354  0.340 |    nan+-nan   0.265+-0.097   0.240+-0.123   0.282+-0.112
P  23500-23507    8  4104375  0.356  0.340 |  0.505+-0.164   0.325+-0.155   0.265+-0.166   0.325+-0.155
P  23508-23516    9  4177624  0.366  0.340 |  0.881+-0.217   0.222+-0.105   0.237+-0.126   0.222+-0.105
P  23517-23524    8  4308831  0.353  0.340 |  2.920+-1.991   0.365+-0.117   0.422+-0.126   0.374+-0.111
P  23525-23533    8  4237665  0.360  0.340 |  0.412+-0.227   0.406+-0.235   0.461+-0.273   0.406+-0.235
P  23534-23543    8  4398097  0.358  0.340 |  0.748+-0.198   0.297+-0.086   0.227+-0.104   0.297+-0.086
P  23544-23551    8  4266752  0.357  0.340 |  0.513+-0.200   0.555+-0.152   0.540+-0.163   0.555+-0.152
P  23552-23559    8  4041952  0.363  0.340 |    nan+-nan   0.237+-0.162   0.290+-0.180   0.237+-0.162
P  23560-23577   10  4239860  0.352  0.340 |  1.142+-0.241   0.520+-0.291   0.560+-0.422   0.520+-0.291
P  23579-23593   11  5085904  0.358  0.340 |  0.689+-0.225   0.339+-0.091   0.323+-0.096   0.339+-0.091
P  23597-23605    8  4214156  2.377  2.380 |  1.098+-0.270   0.169+-0.095   0.168+-0.094   0.169+-0.095
P  23606-23614    8  4130429  2.375  2.380 |  0.437+-0.149   0.420+-0.076   0.382+-0.068   0.420+-0.076
P  23615-23623    9  4392409  2.380  2.380 |  1.534+-0.451   0.436+-0.123   0.433+-0.135   0.436+-0.123
P  23624-23631    8  4173076  2.381  2.380 |  0.802+-0.169   0.366+-0.099   0.374+-0.100   0.366+-0.099
P  23632-23640    9  4089225  2.382  2.380 |  2.568+-2.178   0.180+-0.156   0.136+-0.188   0.180+-0.156
P  23641-23648    8  4150915  2.382  2.380 |  0.898+-0.235   0.333+-0.084   0.295+-0.090   0.333+-0.084
P  23650-23657    8  4458504  2.379  2.380 |  0.302+-0.208   0.210+-0.159   0.298+-0.171   0.210+-0.159
P  23658-23666    8  4494992  2.381  2.380 |  1.455+-0.485   0.358+-0.123   0.323+-0.105   0.358+-0.123
P  23667-23674    8  4366592  2.380  2.380 |  2.374+-0.552   0.311+-0.134   0.305+-0.175   0.311+-0.134
P  23675-23682    8  4464164  2.375  2.380 |  0.787+-0.248   0.127+-0.104   0.136+-0.095   0.127+-0.104
P  23683-23691    9  4337747  2.382  2.380 |  0.254+-0.164   0.354+-0.126   0.343+-0.144   0.354+-0.126
P  23692-23699    8  4183724  2.375  2.380 |  0.859+-0.234   0.487+-0.112   0.465+-0.131   0.487+-0.112
P  23700-23708    9  4161800  2.374  2.380 |  0.573+-0.197   0.262+-0.137   0.248+-0.126   0.262+-0.137
P  23709-23726   10  4149978  2.375  2.380 |  0.811+-0.215   0.325+-0.123   0.300+-0.119   0.325+-0.123
P  23727-23759   22  4001293  2.369  2.380 |  0.568+-0.054   0.370+-0.039   0.375+-0.039   0.370+-0.039
P  23760-23774   13  4091217  2.378  2.380 |  0.925+-0.197   0.342+-0.168   0.261+-0.125   0.342+-0.168
P  23775-23786   11  4032405  2.379  2.380 |  2.265+-1.023   0.218+-0.084   0.272+-0.094   0.218+-0.084
P  23787-23795    9  3142857  2.383  2.380 |    nan+-nan   0.337+-0.151   0.256+-0.107   0.337+-0.151
H  22013-22190  105  4057657  3.853  3.650 |    nan+-nan     nan+-nan     nan+-nan     nan+-nan
H  22191-22250   38  4145742  3.664  3.650 |    nan+-nan     nan+-nan     nan+-nan     nan+-nan
H  22251-22301   42  4031971  3.652  3.650 |    nan+-nan     nan+-nan     nan+-nan     nan+-nan
H  22302-22377   50  4102243  3.663  3.650 |    nan+-nan     nan+-nan     nan+-nan     nan+-nan
H  22378-22426   40  4069318  3.611  3.650 |    nan+-nan     nan+-nan     nan+-nan     nan+-nan
H  22427-22480   41  3840616  3.645  3.650 |    nan+-nan     nan+-nan     nan+-nan     nan+-nan
H  22590-22606   13  4391055  3.848  3.840 |  2.309+-0.171   2.250+-0.247   1.671+-0.206   1.695+-0.214
H  22607-22616    9  4011566  3.839  3.840 |  1.851+-0.079   1.499+-0.079   1.264+-0.072   1.257+-0.070
H  22617-22623    7  4396466  3.851  3.840 |  2.326+-0.205   1.719+-0.163   1.409+-0.125   1.397+-0.124
H  22624-22634    7  4369348  3.836  3.840 |  2.297+-0.154   2.103+-0.156   1.776+-0.147   1.758+-0.140
H  22635-22641    7  4311434  3.847  3.840 |  2.665+-0.156   2.385+-0.152   2.109+-0.154   2.105+-0.150
H  22642-22649    7  4361530  3.849  3.840 |  2.407+-0.138   2.243+-0.145   2.125+-0.180   2.072+-0.163
H  22650-22660    8  4829057  3.852  3.840 |  2.353+-0.135   2.015+-0.124   2.063+-0.148   2.055+-0.146
H  22661-22667    7  4040936  1.889  1.890 |  2.313+-0.163   1.852+-0.149   1.761+-0.161   1.744+-0.153
H  22668-22675    8  4446097  1.885  1.890 |  2.472+-0.165   1.740+-0.140   1.346+-0.110   1.362+-0.109
H  22676-22689    7  4426252  1.908  1.890 |  2.682+-0.145   2.448+-0.171   2.400+-0.196   2.402+-0.193
H  22691-22699    7  4660441  1.897  1.890 |  2.173+-0.231   1.080+-0.178   0.659+-0.136   0.630+-0.125
H  22700-22704    5  4075810  1.888  1.890 |  1.645+-0.186   1.590+-0.239   1.373+-0.238   1.374+-0.245
H  22707-22723    9  4815796  2.701  1.890 |  1.782+-0.160   1.470+-0.161   1.142+-0.168   1.136+-0.162
H  22724-22728    5  4618107  3.807  1.890 |  1.937+-0.139   3.542+-0.309   1.934+-0.222   1.877+-0.216
H  22730-22737    5  4253697  3.790  1.890 |  1.712+-0.206     nan+-nan   1.097+-0.146   1.082+-0.145
H  22739-22744    5  4642973  3.788  1.890 |  1.749+-0.178   3.110+-0.320   1.021+-0.128   1.020+-0.130
H  22745-22748    4  4230167  3.801  3.820 |  1.855+-0.191   1.085+-0.179   0.654+-0.140   0.664+-0.145
H  22750-22755    5  4178529  3.801  3.820 |  2.045+-0.214   1.869+-0.321   1.159+-0.225   1.219+-0.228
H  22756-22759    4  4076112  3.789  3.820 |  2.028+-0.202   1.898+-0.344   1.696+-0.348   1.717+-0.376
H  22760-22763    4  4075058  3.793  3.820 |  1.935+-0.175   2.245+-0.293   1.649+-0.277   1.683+-0.295
H  22764-22768    5  4957589  3.793  3.820 |  2.041+-0.171   1.438+-0.128   1.320+-0.126   1.291+-0.122
H  22769-22773    5  4939568  3.809  3.820 |  1.859+-0.174   1.382+-0.192   1.125+-0.162   1.124+-0.166
H  22774-22778    5  4948965  3.830  3.820 |  1.567+-0.154   1.613+-0.205   1.203+-0.172   1.199+-0.158
H  22779-22783    4  4346794  3.831  3.820 |  1.990+-0.198   1.813+-0.295   0.695+-0.139   0.856+-0.163
H  22784-22788    5  4791788  3.836  3.820 |  1.487+-0.137   1.172+-0.134   0.989+-0.131   1.008+-0.130
H  22789-22793    5  4734255  3.831  3.820 |  2.012+-0.196   1.788+-0.236   1.252+-0.179   1.258+-0.182
H  22794-22798    5  4768154  3.813  3.820 |  1.935+-0.188   1.579+-0.212   1.161+-0.172   1.139+-0.158
H  22799-22846    7  4646405  3.809  3.820 |  1.750+-0.151   1.844+-0.225   1.626+-0.267   1.630+-0.278
H  22847-22852    6  4186473  3.800  3.820 |  1.879+-0.165   2.031+-0.246   1.546+-0.222   1.530+-0.226
H  22853-22858    6  4681870  3.799  3.820 |  1.868+-0.180   2.072+-0.266   1.650+-0.257   1.764+-0.283
H  22859-22864    6  4660978  3.770  3.820 |  2.068+-0.202   2.042+-0.262   1.792+-0.288   1.542+-0.222
H  22865-22870    6  4630905  3.748  3.820 |  1.761+-0.148   1.604+-0.163   1.412+-0.148   1.402+-0.160
H  22871-22878    6  4463488  3.750  3.820 |  2.110+-0.188   1.653+-0.188   1.460+-0.167   1.360+-0.166
H  22879-22886    8  4576430  3.746  3.820 |  1.720+-0.204   1.883+-0.403   0.916+-0.174   0.940+-0.191
H  22887-22893    6  4247331  3.785  3.820 |  1.700+-0.146   1.616+-0.204   1.228+-0.184   1.254+-0.198
H  22894-22902    7  4693301  3.806  3.820 |  2.280+-0.218   1.415+-0.211   0.999+-0.170   0.984+-0.167
H  22903-22916    6  4309647  3.799  3.820 |  1.991+-0.188   2.269+-0.346   1.089+-0.163   1.059+-0.163
H  22917-22922    6  4248363  3.794  3.820 |  1.769+-0.151   1.533+-0.177   1.321+-0.163   1.322+-0.168
H  22923-22930    6  4206483  3.790  3.820 |  2.016+-0.183   1.526+-0.189   1.159+-0.155   1.149+-0.159
H  22931-22943    8  4336942  3.808  3.820 |  2.243+-0.156   2.026+-0.217   1.937+-0.236   1.965+-0.240
H  22944-22950    6  4724473  3.811  3.820 |  1.912+-0.180   1.666+-0.188   1.157+-0.155   1.144+-0.154
H  22951-22956    6  4359377  3.805  3.820 |  1.916+-0.173   1.966+-0.286   1.225+-0.187   1.176+-0.184
H  22957-22966    9  4880650  3.827  3.820 |  1.809+-0.159   1.758+-0.206   1.210+-0.156   1.203+-0.165
H  22967-22972    6  4312162  3.848  3.820 |  1.744+-0.148   1.724+-0.178   1.532+-0.200   1.564+-0.203
H  22973-22978    6  4194827  3.854  3.820 |  2.037+-0.157   2.044+-0.263   1.907+-0.301   2.054+-0.333
H  22979-22984    6  4233835  3.849  3.820 |  1.515+-0.150   0.884+-0.114   0.827+-0.122   0.848+-0.124
H  22985-22994    6  4499267  3.842  3.820 |  1.865+-0.189   1.333+-0.196   0.931+-0.148   0.947+-0.146
H  22996-23001    6  4218112  3.823  3.820 |  1.963+-0.167   1.668+-0.182   1.518+-0.187   1.487+-0.182
H  23002-23007    6  4116542  3.841  3.820 |  1.837+-0.186   1.501+-0.186   1.136+-0.170   1.127+-0.162
H  23008-23018    9  4220633  3.842  3.820 |  1.667+-0.166   1.575+-0.202   1.525+-0.253   1.560+-0.259
H  23019-23032   12  4204159  3.810  3.820 |  1.828+-0.178   1.402+-0.167   1.074+-0.162   1.092+-0.169
H  23033-23044   11  4190825  3.832  3.820 |  2.722+-0.210   2.327+-0.282   2.447+-0.488   2.884+-0.816
H  23045-23057   12  4151865  3.814  3.820 |  2.390+-0.243   2.366+-0.330   2.463+-0.541   2.400+-0.533
H  23058-23070   12  4027811  3.811  3.820 |  2.364+-0.163   2.685+-0.296   2.698+-0.563   2.636+-0.488
H  23071-23083   12  4084662  3.818  3.820 |  2.563+-0.252   2.368+-0.269   2.239+-0.784   2.353+-0.332
H  23087-23098   11  4076694  3.817  3.820 |  2.441+-0.261   2.390+-0.311   2.167+-0.414   2.122+-0.397
H  23099-23113   13  4055382  3.826  3.820 |  1.888+-0.131   1.631+-0.149   1.227+-0.131   1.247+-0.133
H  23125-23143   15  4056519  3.830  3.820 |  2.181+-0.171   2.358+-0.287   1.629+-0.725   2.171+-0.405
H  23144-23156   13  4262517  3.851  3.820 |  2.430+-0.171   2.547+-0.274   2.596+-0.750   2.597+-0.652
H  23157-23170   12  4182487  3.814  3.820 |  2.280+-0.205   2.016+-0.331   1.129+-0.181   1.125+-0.182
H  23171-23182   12  4000795  3.806  3.820 |  2.438+-0.176   3.468+-0.809   1.863+-1.144   1.939+-0.973
H  23183-23195   12  4306444  3.834  3.820 |  2.208+-0.171   2.229+-0.271   1.602+-0.222   1.637+-0.242
H  23196-23209   14  4322348  3.833  3.820 |  2.767+-0.258   2.823+-0.475  -2.155+-10.543   3.118+-1.114
H  23210-23223   12  4320631  3.809  3.820 |  2.449+-0.216   2.163+-0.349   2.405+-0.626   2.407+-0.550
H  23224-23238   13  4082466  3.854  3.820 |  2.204+-0.200   2.269+-0.336   1.842+-0.484   1.434+-0.872
H  23239-23259   16  4333977  3.812  3.820 |  2.659+-0.227   2.596+-0.304   2.411+-0.416   2.466+-0.372
H  23261-23273   12  4238584  3.824  3.820 |  1.978+-0.255   1.817+-0.249   1.920+-0.327   1.760+-0.329
H  23274-23286   12  4190265  3.842  3.820 |  2.037+-0.167   2.155+-0.245   2.151+-0.410   2.060+-0.385
H  23287-23301   15  4205391  3.833  3.820 |  2.370+-0.194   2.182+-0.296   2.074+-0.444  -0.495+-3.538
H  23302-23317   13  4060509  3.835  3.820 |  2.144+-0.203   2.464+-0.389   1.565+-0.280   1.470+-0.272
H  23318-23331   14  4254482  3.830  3.820 |  2.592+-0.224   2.153+-0.508   3.235+-1.121   1.685+-0.311
H  23332-23345   13  4216611  3.855  3.820 |  2.402+-0.182   1.981+-0.211   1.596+-0.234   1.703+-0.235
H  23346-23360   14  4087934  3.838  3.820 |  2.150+-0.184   1.941+-0.284   1.117+-0.168   1.160+-0.163
H  23362-23374   13  4078377  3.820  3.820 |  2.984+-0.206   2.758+-0.370   2.105+-1.132   2.498+-0.600
H  23375-23392   12  4010391  3.828  3.820 |  2.471+-0.207   2.634+-0.337   2.944+-0.858   3.072+-1.033
H  23393-23422   28  4115974  3.820  3.820 |  2.146+-0.106   1.879+-0.144   1.320+-0.108   1.331+-0.110
H  23423-23471   32  4080127  3.835  3.820 |  2.351+-0.112   2.066+-0.156   1.631+-0.149   1.844+-0.194
H  23472-23506   34  4007150  3.813  3.820 |  2.587+-0.249   2.467+-0.368   2.661+-0.782   2.572+-0.681
H  23507-23542   32  4041810  3.812  3.820 |  2.177+-0.187   2.026+-0.229   2.289+-0.411   1.537+-0.210
H  23543-23593   37  4193129  3.839  3.820 |  2.423+-0.199   2.739+-0.520   2.286+-0.583   1.923+-0.367
H  23597-23638   39  4524686  1.900  1.820 |  2.287+-0.171   2.194+-0.229   1.930+-0.649   1.978+-0.706
H  23639-23677   37  4072846  1.830  1.820 |  2.237+-0.205   2.142+-0.246   1.554+-0.216   1.562+-0.213
H  23678-23713   34  4087568  1.791  1.820 |  2.784+-0.167   2.606+-0.262   2.441+-0.377   2.426+-0.293
H  23714-23767   34  4193129  1.759  1.820 |  1.802+-0.094   1.050+-0.086   0.788+-0.077   0.778+-0.076
H  23768-23795   27  2508339  1.778  1.820 |  2.537+-0.188   2.515+-0.315   0.071+-4.996   2.231+-1.518
