input /ceph/submit/data/user/e/ehingerl/hallc/lad_tof_scratch/rf_check/seg0_ifarm/rf_check_seg0.root, photon sample 'all', 1361 runs; current table /work/submit/ehingerl/hallc/software/lad_replay/CALIBRATION/lad_tof/../../PARAM/LAD/LADKINE/lladkine.param; proposed files/rf_check/l_rf_offset_proposed.param

Summed photon peak (all runs), free Gaussian core fit:
  P noRF : mu   0.827 +- 0.028  sigma 2.336  FWHM 8.52  Nsig 613991
  P cur  : mu   0.389 +- 0.013  sigma 1.085  FWHM 1.90  Nsig 348566
  P run  : mu   0.383 +- 0.014  sigma 1.139  FWHM 1.96  Nsig 359503
  P new  : mu   0.390 +- 0.013  sigma 1.085  FWHM 1.90  Nsig 348561
  H noRF : mu   2.195 +- 0.022  sigma 3.821  FWHM 9.43  Nsig 1656472
  H cur  : mu   1.403 +- 0.024  sigma 2.938  FWHM 7.22  Nsig 1447668
  H run  : mu   1.098 +- 0.021  sigma 2.580  FWHM 6.88  Nsig 1317548
  H new  : mu   1.099 +- 0.021  sigma 2.582  FWHM 7.25  Nsig 1317555

P: phase - get_RF_offset_fit phase over 1190 runs: median +0.001 ns; |diff| > 0.05 ns: [(23015, -0.14)]
   phase width (circular, Gaussian-equivalent) 0.31-0.59 ns; circular mean - mode +0.099 ns; z-corrected - old phase max 0.870 ns
   drift test: d(mu_noRF)/d(phase - table) = +0.53 +- 1.59 (RF drift -> 0, spectrometer drift -> -1), phase range -0.042..+0.039 ns, chi2/ndf 161.6/57
     table period from run 22013: mu_noRF +3.245 +- 0.258 ns
     table period from run 22560: mu_noRF +1.398 +- 0.079 ns
     table period from run 22661: mu_noRF +1.747 +- 0.257 ns
     table period from run 22745: mu_noRF +0.433 +- 0.029 ns
     table period from run 23597: mu_noRF +0.486 +- 0.042 ns
H: phase - get_RF_offset_fit phase over 1186 runs: median -0.001 ns; |diff| > 0.05 ns: [(22180, 1.56), (22206, -1.91), (22237, 1.95), (22244, 1.6), (22293, 1.87), (22844, 1.8), (22960, 0.08), (23206, -1.28), (23493, -0.07), (23585, 0.12)]
   phase width (circular, Gaussian-equivalent) 0.22-1.02 ns; circular mean - mode -0.055 ns; z-corrected - old phase max 0.503 ns
   drift test: d(mu_noRF)/d(phase - table) = +0.04 +- 0.08 (RF drift -> 0, spectrometer drift -> -1), phase range -0.084..+1.953 ns, chi2/ndf 278.8/109
     table period from run 22560: mu_noRF +2.091 +- 0.051 ns
     table period from run 22661: mu_noRF +1.749 +- 0.096 ns
     table period from run 22745: mu_noRF +1.839 +- 0.027 ns
     table period from run 23597: mu_noRF +1.929 +- 0.076 ns

Run groups (fixed-width fits; mu in ns):
sp        runs nrun     n_ph  phase -table |          noRF            cur            run            new
P  22013-22151   64  1124880  0.371  0.150 |  3.277+-0.481   1.333+-0.310     nan+-nan     nan+-nan
P  22152-22196   22  1025707  0.206  0.150 |    nan+-nan   3.404+-0.546     nan+-nan     nan+-nan
P  22199-22252   35  1018936  0.149  0.150 |  2.366+-0.482   0.999+-0.072   0.988+-0.070   0.999+-0.072
P  22253-22300   39  1015699  0.153  0.150 |    nan+-nan     nan+-nan     nan+-nan     nan+-nan
P  22301-22348   33  1023170  0.158  0.150 |  3.250+-0.258   3.113+-0.687  -1.579+-1.757   3.113+-0.687
P  22350-22406   43  1013052  0.160  0.150 |    nan+-nan     nan+-nan  -0.345+-0.107     nan+-nan
P  22407-22480   57  1484864  0.164  0.150 |    nan+-nan   2.069+-1.417   2.828+-4.292   2.069+-1.417
P  22560-22573   12  1157978  0.351  0.340 |  1.343+-0.090   1.122+-0.094   1.117+-0.087   1.122+-0.094
P  22574-22600   11  1071874  0.345  0.340 |  2.010+-0.233   1.028+-0.145   1.005+-0.144   1.028+-0.145
P  22601-22606    6  1002979  0.337  0.340 |  2.385+-0.334   0.830+-0.128   0.860+-0.137   0.830+-0.128
P  22607-22616    9  1082150  0.337  0.340 |  1.243+-0.204   0.904+-0.260   0.888+-0.281   0.904+-0.260
P  22617-22622    6  1036825  0.351  0.340 |  1.593+-0.619   0.239+-0.193   0.281+-0.276   0.239+-0.193
P  22623-22633    7  1155769  0.343  0.340 |  2.132+-0.568     nan+-nan   2.016+-0.461     nan+-nan
P  22634-22639    6  1013846  0.346  0.340 |  1.660+-0.383     nan+-nan     nan+-nan     nan+-nan
P  22640-22647    7  1140427  0.353  0.340 |  1.459+-0.504   1.513+-0.568   1.273+-0.344   1.513+-0.568
P  22648-22660   10  1645392  0.350  0.340 |    nan+-nan   1.058+-0.563   0.915+-0.291   1.058+-0.563
P  22661-22667    7  1081033  2.360  2.360 |  2.012+-0.920   2.507+-0.580     nan+-nan   2.507+-0.580
P  22668-22674    7  1030609  2.361  2.360 |    nan+-nan   0.996+-0.299   1.001+-0.281   0.996+-0.299
P  22675-22680    4  1000002  2.366  2.360 |  1.751+-0.257   1.465+-0.250   1.393+-0.279   1.465+-0.250
P  22681-22693    6  1035031  2.370  2.360 |  2.922+-2.611   0.385+-0.172   0.403+-0.215   0.385+-0.172
P  22694-22700    6  1119554  2.359  2.360 |  1.139+-0.470   0.486+-0.155   0.434+-0.201   0.486+-0.155
P  22701-22707    5  1070477  2.361  2.360 |  0.393+-0.352     nan+-nan   0.804+-0.651     nan+-nan
P  22708-22711    4   623391  2.364  2.360 |  1.058+-0.435   0.924+-0.251   0.892+-0.219   0.924+-0.251
P  22745-22748    4  1027344  0.360  0.340 |  1.444+-0.594   0.215+-0.242   0.495+-0.693   0.215+-0.242
P  22750-22753    4  1537881  0.393  0.340 |  2.066+-0.520     nan+-nan     nan+-nan     nan+-nan
P  22754-22754    1  1101444  0.362  0.340 |  0.808+-0.566   0.241+-0.177   0.211+-0.170   0.241+-0.177
P  22755-22758    4  1088342  0.354  0.340 |    nan+-nan     nan+-nan  -3.340+-0.030     nan+-nan
P  22759-22762    4  1063998  0.361  0.340 |  3.715+-1.361   3.612+-0.425   0.435+-0.444   3.612+-0.425
P  22763-22766    4  1055876  0.357  0.340 |    nan+-nan   0.934+-0.172   1.002+-0.185   0.934+-0.172
P  22767-22770    4  1049725  0.357  0.340 |  0.335+-0.632     nan+-nan     nan+-nan     nan+-nan
P  22771-22774    4  1053377  0.352  0.340 |  1.499+-0.528   0.215+-0.073   0.192+-0.075   0.215+-0.073
P  22775-22778    4  1041961  0.356  0.340 |  0.784+-0.594   0.883+-0.414     nan+-nan   0.883+-0.414
P  22779-22785    4  1002644  0.343  0.340 |    nan+-nan   0.816+-0.119  -1.183+-0.075   0.816+-0.119
P  22786-22789    4  1011488  0.337  0.340 |    nan+-nan   0.365+-0.250   0.303+-0.208   0.365+-0.250
P  22790-22793    4  1007164  0.342  0.340 |  0.509+-0.256   0.615+-0.173   0.607+-0.175   0.615+-0.173
P  22794-22797    4  1011947  0.328  0.340 |  0.284+-0.346   0.866+-0.784   0.740+-0.827   0.866+-0.784
P  22798-22811    4  1037159  0.332  0.340 |  2.157+-1.711   0.224+-0.391   0.335+-0.361   0.224+-0.391
P  22812-22850    7  1143906  0.323  0.340 |  0.936+-0.734   0.328+-0.136   0.309+-0.149   0.328+-0.136
P  22851-22855    5  1040919  0.332  0.340 |  0.167+-0.300   0.182+-0.265   0.248+-0.149   0.182+-0.265
P  22856-22860    5  1043035  0.329  0.340 |  0.577+-0.276   0.210+-0.208   0.215+-0.181   0.210+-0.208
P  22861-22865    5  1027261  0.329  0.340 |    nan+-nan     nan+-nan     nan+-nan     nan+-nan
P  22866-22870    5  1017616  0.323  0.340 | -0.225+-0.160  -0.114+-0.243  -0.153+-0.201  -0.114+-0.243
P  22871-22878    6  1172997  0.329  0.340 |  2.780+-0.706   0.325+-0.236   0.206+-0.234   0.325+-0.236
P  22879-22885    7  1034406  0.328  0.340 | -0.014+-0.250   0.494+-0.073   0.406+-0.142   0.494+-0.073
P  22886-22892    6  1145118  0.327  0.340 |  1.066+-0.278   0.481+-0.112   0.458+-0.099   0.481+-0.112
P  22893-22898    6  1043509  0.329  0.340 |  0.448+-0.357   0.082+-0.251   0.125+-0.221   0.082+-0.251
P  22900-22912    6  1128431  0.331  0.340 |  0.414+-0.481   0.370+-0.365   0.206+-0.230   0.370+-0.365
P  22915-22920    6  1121170  0.322  0.340 |  0.491+-0.573   0.028+-0.244  -0.043+-0.320   0.028+-0.244
P  22921-22927    6  1115400  0.328  0.340 |  1.766+-0.413   0.920+-0.201   0.915+-0.218   0.982+-0.234
P  22928-22936    6  1129210  0.332  0.340 |  0.483+-0.353   0.231+-0.527   0.185+-0.393   0.231+-0.527
P  22939-22945    6  1395530  0.322  0.340 |    nan+-nan   0.324+-0.168  -3.754+-0.092   0.324+-0.168
P  22947-22952    6  1180957  0.322  0.340 |    nan+-nan   0.561+-0.489   0.541+-0.397   0.561+-0.489
P  22953-22958    6  1140931  0.321  0.340 |  1.965+-0.436   0.636+-0.213   0.608+-0.187   0.636+-0.213
P  22959-22962    4  1143028  0.324  0.340 |  0.379+-0.366   0.520+-0.215   0.450+-0.214   0.520+-0.215
P  22963-22968    5  1117991  0.340  0.340 |    nan+-nan   0.206+-0.083   0.225+-0.087   0.206+-0.083
P  22969-22974    6  1098657  0.346  0.340 |  1.655+-0.842   0.503+-0.220   0.415+-0.360   0.503+-0.220
P  22975-22980    6  1117515  0.344  0.340 | -0.124+-0.249   0.184+-0.219   0.156+-0.293   0.184+-0.219
P  22981-22986    6  1113640  0.343  0.340 | -0.267+-0.331   0.547+-1.334   0.012+-0.463   0.547+-1.334
P  22987-22990    3  1136634  0.329  0.340 |  0.716+-0.722     nan+-nan   0.385+-0.829     nan+-nan
P  22994-23000    6  1127727  0.335  0.340 |  0.781+-0.395   0.495+-0.141   0.495+-0.141   0.495+-0.141
P  23001-23006    6  1085993  0.331  0.340 |  1.309+-0.483     nan+-nan     nan+-nan     nan+-nan
P  23007-23012    6  1080610  0.336  0.340 |  2.798+-1.579   0.555+-0.133   0.548+-0.154   0.555+-0.133
P  23014-23020    6  1396526  0.337  0.340 |  1.947+-0.756   0.450+-0.125   0.488+-0.134   0.450+-0.125
P  23021-23023    3  1320990  0.325  0.340 |  0.236+-0.365     nan+-nan     nan+-nan     nan+-nan
P  23024-23026    3  1275363  0.327  0.340 |  0.833+-0.355   0.447+-0.167   0.447+-0.159   0.447+-0.167
P  23027-23031    3  1249965  0.334  0.340 |  0.318+-0.878   0.428+-0.145   0.425+-0.146   0.428+-0.145
P  23032-23034    3  1257419  0.327  0.340 |  0.359+-0.194   0.418+-0.090   0.435+-0.092   0.418+-0.090
P  23035-23037    3  1047916  0.327  0.340 |  0.510+-0.313   0.255+-0.228   0.270+-0.246   0.255+-0.228
P  23038-23040    3  1383940  0.342  0.340 | -0.195+-0.368   0.226+-0.250   0.284+-0.268   0.226+-0.250
P  23042-23044    3  1347496  0.329  0.340 |  1.391+-0.499   0.344+-0.105   0.498+-0.158   0.344+-0.105
P  23045-23047    3  1336168  0.331  0.340 |  0.245+-0.253   0.233+-0.152   0.256+-0.155   0.233+-0.152
P  23048-23050    3  1347023  0.334  0.340 | -0.147+-0.203   0.582+-1.494   0.240+-0.559   0.582+-1.494
P  23051-23054    3  1156281  0.330  0.340 | -0.015+-0.332   0.033+-0.702     nan+-nan   0.033+-0.702
P  23055-23057    3  1234433  0.335  0.340 |  1.177+-0.237   0.919+-0.141   0.922+-0.147   0.919+-0.141
P  23058-23060    3  1192361  0.331  0.340 |    nan+-nan     nan+-nan     nan+-nan     nan+-nan
P  23061-23063    3  1183956  0.334  0.340 |  0.300+-0.256   0.299+-0.128   0.298+-0.128   0.299+-0.128
P  23064-23067    3  1289955  0.324  0.340 |    nan+-nan     nan+-nan   0.592+-0.170     nan+-nan
P  23068-23070    3  1214446  0.329  0.340 |    nan+-nan   0.393+-0.224   0.393+-0.229   0.393+-0.224
P  23071-23073    3  1277558  0.328  0.340 |  2.730+-0.879   0.635+-0.108   0.627+-0.105   0.635+-0.108
P  23074-23077    3  1240161  0.336  0.340 |    nan+-nan     nan+-nan   1.232+-0.267     nan+-nan
P  23078-23080    3  1277066  0.333  0.340 |  1.402+-0.801     nan+-nan   1.180+-1.060     nan+-nan
P  23081-23083    3  1198319  0.326  0.340 |  0.231+-0.362   1.162+-6.134   0.172+-0.414   1.162+-6.134
P  23084-23090    3  1278987  0.350  0.340 |  0.497+-0.563   0.263+-0.311   0.237+-0.319   0.263+-0.311
P  23091-23093    3  1200037  0.320  0.340 |  1.211+-0.376   0.544+-0.192   0.531+-0.165   0.544+-0.192
P  23094-23096    3  1198147  0.295  0.340 | -0.004+-0.303   0.126+-0.141   0.126+-0.156   0.126+-0.141
P  23097-23099    3  1318792  0.293  0.340 |  0.118+-0.338   0.250+-0.207   0.285+-0.241   0.250+-0.207
P  23100-23102    3  1380568  0.305  0.340 |    nan+-nan   0.603+-0.259   0.556+-0.185   0.603+-0.259
P  23104-23107    4  1078154  0.298  0.340 |  0.139+-0.160   0.240+-0.116   0.257+-0.168   0.240+-0.116
P  23108-23111    4  1167553  0.348  0.340 |  0.544+-0.191   0.301+-0.129   0.222+-0.096   0.301+-0.129
P  23113-23117    3  1705173  0.352  0.340 |  0.210+-0.261   0.662+-0.209   0.703+-0.383   0.662+-0.209
P  23119-23120    2  1448019  0.355  0.340 |  3.336+-3.033     nan+-nan  -2.119+-0.261     nan+-nan
P  23122-23128    5  1144746  0.329  0.340 | -0.561+-0.419  -0.234+-0.438  -0.485+-0.241  -0.234+-0.438
P  23129-23135    4  1147263  0.308  0.340 |  0.661+-0.177   0.655+-0.151   0.669+-0.140   0.655+-0.151
P  23136-23139    3  1286057  0.373  0.340 |  2.509+-0.826   0.633+-0.252   0.665+-0.210   0.633+-0.252
P  23140-23142    3  1202607  0.357  0.340 |  3.557+-0.835     nan+-nan     nan+-nan     nan+-nan
P  23143-23145    3  1168728  0.360  0.340 |  1.872+-0.607   0.611+-0.253   0.585+-0.196   0.611+-0.253
P  23146-23148    3  1153804  0.357  0.340 |  0.234+-6.287   0.233+-0.174   0.219+-0.228   0.233+-0.174
P  23149-23151    3  1148469  0.363  0.340 |  1.054+-0.569   0.452+-0.197   0.436+-0.154   0.452+-0.197
P  23152-23154    3  1252674  0.310  0.340 |  0.114+-0.298   0.466+-0.841   0.309+-0.372   0.427+-0.656
P  23155-23157    3  1226680  0.303  0.340 |  1.159+-0.746   0.218+-0.195   3.218+-0.159   0.218+-0.195
P  23158-23160    3  1226975  0.300  0.340 |  0.200+-0.712     nan+-nan   0.092+-0.313     nan+-nan
P  23161-23162    2  1032930  0.304  0.340 |  2.171+-1.007  -0.377+-1.339  -0.031+-0.542  -0.377+-1.339
P  23164-23167    3  1199557  0.309  0.340 |  0.768+-0.442   0.373+-0.164   0.395+-0.167   0.373+-0.164
P  23168-23170    3  1184287  0.305  0.340 |    nan+-nan  -0.123+-0.297   0.047+-0.386  -0.123+-0.297
P  23171-23173    3  1212047  0.305  0.340 |    nan+-nan   2.298+-21.436   0.590+-2.391   2.298+-21.436
P  23174-23176    3  1213590  0.309  0.340 |    nan+-nan   0.183+-0.143   0.308+-0.185   0.183+-0.143
P  23177-23179    3  1209763  0.308  0.340 |  0.729+-0.278   0.694+-0.434   0.731+-0.350   0.694+-0.434
P  23180-23182    3  1206707  0.304  0.340 |  1.215+-0.686   0.252+-0.096   0.273+-0.093   0.252+-0.096
P  23183-23185    3  1195272  0.308  0.340 |  1.087+-0.407   0.573+-0.118   0.599+-0.107   0.573+-0.118
P  23186-23188    3  1189830  0.305  0.340 |  2.123+-0.992   0.687+-0.157   0.812+-0.220   0.687+-0.157
P  23189-23191    3  1224484  0.342  0.340 |  0.559+-0.319   0.724+-0.252   0.602+-0.162   0.724+-0.252
P  23193-23195    3  1197224  0.358  0.340 |  0.566+-0.271   0.462+-0.072   0.437+-0.079   0.462+-0.072
P  23196-23198    3  1154354  0.362  0.340 |  0.836+-0.627   0.365+-0.168     nan+-nan   0.365+-0.168
P  23199-23201    3  1216232  0.361  0.340 |  0.720+-0.295   0.596+-0.127   0.582+-0.146   0.596+-0.127
P  23202-23204    3  1154639  0.369  0.340 |    nan+-nan   0.315+-0.185   0.430+-0.196   0.315+-0.185
P  23205-23206    2  1111690  0.364  0.340 |  0.740+-0.485   0.184+-0.261   0.421+-0.869   0.184+-0.261
P  23207-23209    3  1293300  0.311  0.340 |  0.746+-1.051   0.398+-0.153   0.398+-0.162   0.398+-0.153
P  23210-23212    3  1250172  0.314  0.340 |  0.354+-0.279     nan+-nan     nan+-nan     nan+-nan
P  23213-23216    2  1117807  0.312  0.340 |    nan+-nan  -0.108+-0.262  -0.043+-0.288  -0.108+-0.262
P  23217-23219    3  1252556  0.310  0.340 |  2.352+-2.011   0.897+-0.207   1.060+-0.288   0.897+-0.207
P  23220-23222    3  1229399  0.322  0.340 |  1.042+-0.547   0.338+-0.067   0.367+-0.071   0.338+-0.067
P  23223-23225    3  1215667  0.362  0.340 |  1.583+-0.609   0.974+-0.261   1.576+-10.199   0.974+-0.261
P  23227-23230    4  1115142  0.363  0.340 |    nan+-nan  -1.545+-8.660  -3.222+-0.164  -1.545+-8.660
P  23231-23233    3  1107246  0.364  0.340 |  0.785+-0.776   0.564+-0.178   0.509+-0.166   0.564+-0.178
P  23234-23237    3  1162823  0.379  0.340 |  0.461+-0.274   0.169+-0.157   0.178+-0.248   0.169+-0.157
P  23238-23240    3  1117970  0.361  0.340 |  0.129+-0.188   0.514+-0.278   0.223+-0.137   0.514+-0.278
P  23241-23243    3  1114276  0.350  0.340 |  0.362+-0.277   0.171+-0.205   0.133+-0.179   0.171+-0.205
P  23244-23246    3  1109974  0.312  0.340 |    nan+-nan   0.357+-0.211   0.488+-0.486   0.357+-0.211
P  23247-23256    5  1139923  0.301  0.340 |    nan+-nan  -0.121+-0.290  -0.034+-0.312  -0.121+-0.290
P  23257-23259    3  1173944  0.305  0.340 |  0.399+-0.396   0.233+-0.182   0.249+-0.195   0.233+-0.182
P  23261-23263    3  1315345  0.306  0.340 |  1.679+-0.517   1.255+-0.363   1.242+-0.314   1.255+-0.363
P  23264-23267    4  1642698  0.330  0.340 |    nan+-nan   0.386+-0.145   0.392+-0.150   0.386+-0.145
P  23269-23271    3  1248380  0.364  0.340 | -0.416+-0.207  -0.436+-0.892  -0.223+-0.399  -0.436+-0.892
P  23272-23274    3  1141681  0.364  0.340 |    nan+-nan   0.320+-0.089   0.300+-0.096   0.320+-0.089
P  23275-23277    3  1198696  0.362  0.340 |  2.745+-0.538     nan+-nan     nan+-nan     nan+-nan
P  23278-23280    3  1163128  0.365  0.340 |  0.953+-0.491   0.290+-0.145   0.311+-0.155   0.290+-0.145
P  23281-23284    3  1174777  0.376  0.340 |  0.872+-0.362   0.523+-0.148   0.491+-0.170   0.523+-0.148
P  23285-23288    4  1120245  0.364  0.340 |  0.693+-0.413   0.105+-0.124   0.063+-0.125   0.105+-0.124
P  23289-23291    3  1113312  0.363  0.340 |  2.080+-1.281   0.507+-0.204   0.499+-0.205   0.507+-0.204
P  23292-23294    3  1118858  0.366  0.340 |  0.017+-0.114   0.185+-0.109   0.137+-0.107   0.185+-0.109
P  23295-23297    3  1082498  0.369  0.340 |  1.480+-1.008     nan+-nan     nan+-nan     nan+-nan
P  23298-23300    3  1059847  0.368  0.340 |  1.010+-0.943   0.355+-0.179   0.268+-0.148   0.355+-0.179
P  23301-23303    3  1112008  0.365  0.340 |  1.120+-0.366   0.457+-0.067   0.438+-0.074   0.457+-0.067
P  23304-23306    3  1151807  0.362  0.340 |  0.513+-0.285   0.620+-0.349   0.599+-0.262   0.620+-0.349
P  23308-23310    3  1293193  0.311  0.340 |  1.476+-0.376   0.414+-0.138   0.398+-0.129   0.414+-0.138
P  23312-23314    3  1026501  0.310  0.340 |  1.284+-0.555   0.368+-0.175   0.301+-0.139   0.368+-0.175
P  23315-23318    3  1021318  0.316  0.340 |  0.260+-0.284   0.182+-0.131   0.191+-0.132   0.182+-0.131
P  23319-23321    3  1051067  0.314  0.340 |  1.135+-0.486   0.252+-0.265   0.240+-0.200   0.252+-0.265
P  23322-23324    3  1158693  0.319  0.340 |  0.994+-0.324   0.610+-0.140   0.691+-0.144   0.610+-0.140
P  23325-23327    3  1132995  0.367  0.340 |  1.447+-0.469   0.573+-1.083     nan+-nan   0.573+-1.083
P  23328-23330    3  1119315  0.368  0.340 |    nan+-nan   0.239+-0.162   0.213+-0.151   0.239+-0.162
P  23331-23333    3  1095002  0.366  0.340 |  1.033+-0.906     nan+-nan     nan+-nan     nan+-nan
P  23334-23336    3  1116359  0.382  0.340 |    nan+-nan   0.541+-0.145   0.541+-0.137   0.541+-0.145
P  23338-23340    3  1073512  0.370  0.340 |  2.217+-0.876   1.133+-0.515   0.987+-0.629   1.133+-0.515
P  23341-23343    3  1077969  0.366  0.340 |  0.328+-0.361   0.752+-1.191     nan+-nan   0.752+-1.191
P  23344-23346    3  1066615  0.367  0.340 |  1.547+-0.649   1.650+-2.265   0.542+-0.191   1.650+-2.265
P  23348-23350    3  1067077  0.369  0.340 |  3.308+-16.138   0.391+-0.176   0.352+-0.227   0.391+-0.176
P  23351-23353    3  1104902  0.370  0.340 |  0.604+-0.347   0.392+-0.298   0.264+-0.195   0.392+-0.298
P  23354-23357    4  1299786  0.366  0.340 |  0.775+-0.274   0.450+-0.108   0.443+-0.122   0.450+-0.108
P  23358-23360    3  1105628  0.319  0.340 |  0.242+-0.615   0.018+-0.252   0.182+-0.471   0.018+-0.252
P  23361-23364    3  1331826  0.319  0.340 |  1.102+-0.749   0.311+-0.164   0.390+-0.170   0.311+-0.164
P  23365-23367    3  1065789  0.319  0.340 |  2.144+-0.525   2.757+-0.151   2.777+-0.159   2.757+-0.151
P  23368-23370    3  1078385  0.316  0.340 | -0.178+-0.564   0.474+-0.258   0.514+-0.217   0.474+-0.258
P  23371-23373    3  1088824  0.320  0.340 |  0.958+-0.426   0.497+-0.661   0.521+-1.167   0.497+-0.661
P  23374-23376    3  1089449  0.350  0.340 |  2.519+-0.465  -0.861+-0.178     nan+-nan  -0.861+-0.178
P  23378-23382    3  1132566  0.367  0.340 |  1.191+-0.751   0.600+-0.169   0.419+-0.233   0.600+-0.169
P  23383-23386    3  1107668  0.369  0.340 |  0.653+-0.677   1.668+-0.237     nan+-nan   1.668+-0.237
P  23387-23390    3  1113708  0.382  0.340 |  0.983+-0.366   0.369+-0.154   0.340+-0.147   0.369+-0.154
P  23392-23396    3  1086250  0.369  0.340 |  0.659+-0.260   0.693+-0.277   0.573+-0.277   0.693+-0.277
P  23397-23399    3  1074868  0.366  0.340 |  1.231+-0.251   0.733+-0.209   0.756+-0.198   0.733+-0.209
P  23400-23402    3  1075469  0.366  0.340 |  0.488+-0.214   0.259+-0.144   0.608+-0.343   0.259+-0.144
P  23403-23419   17  1172168  0.343  0.340 |  0.729+-0.092   0.424+-0.056   0.412+-0.063   0.424+-0.056
P  23420-23423    4  1201924  0.345  0.340 |  0.860+-0.443   0.146+-0.188   0.499+-0.675   0.146+-0.188
P  23424-23434    6  1312527  0.362  0.340 |  0.633+-0.373   0.488+-0.101   0.418+-0.114   0.488+-0.101
P  23435-23438    4  1320028  0.340  0.340 |  0.992+-0.326   0.221+-0.136   0.244+-0.154   0.221+-0.136
P  23439-23444    6  1134855  0.357  0.340 |  1.032+-0.355   0.405+-0.093   0.348+-0.088   0.405+-0.093
P  23445-23471   15  1510362  0.348  0.340 |  0.608+-0.049   0.334+-0.036   0.338+-0.036   0.334+-0.036
P  23472-23473    2  1196748  0.351  0.340 |  0.365+-0.232  -0.005+-0.107  -0.031+-0.111  -0.005+-0.107
P  23474-23475    2  1192073  0.364  0.340 |  0.299+-0.243   0.553+-0.165   0.737+-0.268   0.553+-0.165
P  23476-23477    2  1182015  0.358  0.340 | -0.201+-0.256  -0.227+-0.154  -0.158+-0.173  -0.227+-0.154
P  23478-23479    2  1182471  0.357  0.340 |  1.161+-1.903   0.498+-0.345     nan+-nan   0.498+-0.345
P  23480-23481    2  1173916  0.353  0.340 |    nan+-nan   0.518+-0.190   0.517+-0.185   0.518+-0.190
P  23482-23483    2  1164967  0.359  0.340 |    nan+-nan   0.489+-0.241   0.323+-0.155   0.489+-0.241
P  23484-23486    2  1258988  0.350  0.340 |  0.595+-0.304   0.625+-0.180   0.457+-0.127   0.625+-0.180
P  23487-23488    2  1168572  0.348  0.340 | -0.150+-0.354   0.201+-0.306   0.218+-0.281   0.201+-0.306
P  23489-23490    2  1166674  0.346  0.340 |  0.120+-0.302   0.134+-0.210   0.113+-0.256   0.134+-0.210
P  23491-23492    2  1138281  0.352  0.340 |  0.544+-0.273   0.883+-0.244   0.850+-0.246   0.883+-0.244
P  23493-23494    2  1122442  0.341  0.340 |    nan+-nan     nan+-nan     nan+-nan     nan+-nan
P  23495-23496    2  1070498  0.358  0.340 |    nan+-nan   0.237+-0.196     nan+-nan   0.237+-0.196
P  23497-23498    2  1052687  0.361  0.340 |  0.251+-0.355   0.149+-0.114   0.155+-0.131   0.149+-0.114
P  23499-23500    2  1044637  0.354  0.340 |  0.801+-0.492   0.211+-0.114   0.201+-0.145   0.211+-0.114
P  23501-23502    2  1067758  0.348  0.340 |  0.042+-0.229   0.391+-0.224   0.383+-0.236   0.391+-0.224
P  23503-23504    2  1034079  0.360  0.340 |  0.454+-0.205   0.399+-0.273   0.308+-0.219   0.399+-0.273
P  23505-23507    3  1480986  0.362  0.340 |  1.624+-1.415   0.187+-0.562  -0.013+-0.331   0.187+-0.562
P  23508-23509    2  1003325  0.374  0.340 |  0.719+-0.302   0.733+-1.185   0.886+-1.092   0.733+-1.185
P  23510-23512    3  1017119  0.358  0.340 |  0.047+-0.426   0.192+-0.250   0.220+-0.370   0.192+-0.250
P  23513-23514    2  1018629  0.365  0.340 |  1.455+-0.582   0.405+-0.410   0.638+-0.822   0.405+-0.410
P  23515-23516    2  1138551  0.366  0.340 |  0.672+-0.257   0.174+-0.109   0.115+-0.129   0.174+-0.109
P  23517-23518    2  1136895  0.358  0.340 |    nan+-nan  -0.006+-0.257  -0.087+-0.224  -0.006+-0.257
P  23519-23520    2  1099015  0.354  0.340 |  1.133+-0.349   0.471+-0.105   0.459+-0.111   0.471+-0.105
P  23521-23522    2  1063931  0.348  0.340 |  0.213+-0.359   0.210+-0.161   0.252+-0.160   0.210+-0.161
P  23523-23524    2  1008990  0.354  0.340 |  2.118+-0.475  -1.235+-0.186     nan+-nan  -1.235+-0.186
P  23525-23526    2  1070251  0.358  0.340 |  0.362+-0.343   0.176+-0.214   0.233+-0.237   0.176+-0.214
P  23527-23528    2  1061566  0.364  0.340 |  0.309+-0.444  -0.052+-0.283   0.068+-0.320  -0.052+-0.283
P  23529-23530    2  1032000  0.359  0.340 |  0.509+-0.319   0.815+-0.185   0.777+-0.167   0.815+-0.185
P  23531-23533    2  1073848  0.360  0.340 |  0.359+-0.427   0.264+-0.278   0.762+-0.583   0.264+-0.278
P  23534-23535    2  1167745  0.359  0.340 |  0.754+-0.350   0.333+-0.113   0.275+-0.119   0.333+-0.113
P  23537-23538    2  1064472  0.359  0.340 |    nan+-nan   0.348+-0.182   0.288+-0.138   0.348+-0.182
P  23539-23541    2  1041913  0.359  0.340 |  3.142+-8.575   0.145+-0.153   0.133+-0.197   0.145+-0.153
P  23542-23543    2  1123967  0.354  0.340 |  0.315+-0.268   0.436+-0.387   0.356+-0.456   0.436+-0.387
P  23544-23545    2  1132148  0.348  0.340 |  0.947+-0.634   0.654+-0.236   0.487+-0.141   0.654+-0.236
P  23546-23547    2  1087959  0.356  0.340 |  0.196+-0.280   0.772+-0.831   0.565+-0.462   0.772+-0.831
P  23548-23549    2  1006214  0.363  0.340 |  0.351+-0.234   0.311+-0.206   0.426+-0.317   0.311+-0.206
P  23550-23551    2  1040431  0.361  0.340 |  0.525+-0.488   0.547+-0.293     nan+-nan   0.547+-0.293
P  23552-23553    2  1040032  0.360  0.340 |    nan+-nan     nan+-nan     nan+-nan     nan+-nan
P  23554-23555    2  1047474  0.362  0.340 |    nan+-nan   0.058+-0.144   0.017+-0.170   0.058+-0.144
P  23556-23558    3  1483100  0.358  0.340 |  0.754+-0.602   0.408+-0.178   0.332+-0.184   0.408+-0.178
P  23559-23561    3  1000285  0.373  0.340 |    nan+-nan  -3.441+-0.179   0.432+-1.353  -3.441+-0.179
P  23563-23564    2  1038035  0.345  0.340 |  1.292+-1.098     nan+-nan   0.424+-0.322     nan+-nan
P  23565-23567    3  1495630  0.350  0.340 |  0.635+-0.353   0.138+-0.211   0.107+-0.305   0.138+-0.211
P  23574-23577    3  1177256  0.357  0.340 |  1.630+-0.459     nan+-nan   0.770+-0.811     nan+-nan
P  23579-23580    2  1047075  0.362  0.340 |  0.159+-0.360   0.140+-0.273   0.080+-0.241   0.140+-0.273
P  23581-23584    3  1456010  0.356  0.340 |  1.040+-0.829   0.361+-0.203   0.295+-0.141   0.361+-0.203
P  23585-23587    3  1099118  0.352  0.340 |  1.411+-1.985  -1.550+-0.237   0.279+-0.157  -1.550+-0.237
P  23588-23593    3  1483701  0.363  0.340 |  0.938+-0.365   0.493+-0.152   0.470+-0.141   0.493+-0.152
P  23597-23598    2  1110239  2.376  2.380 | -0.260+-0.586   0.079+-0.160   0.079+-0.160   0.079+-0.160
P  23600-23601    2  1034224  2.377  2.380 |    nan+-nan   0.044+-0.415   0.130+-0.241   0.044+-0.415
P  23602-23603    2  1006045  2.377  2.380 |  1.453+-0.329   0.748+-0.307   0.842+-0.679   0.748+-0.307
P  23604-23605    2  1063648  2.378  2.380 |  1.192+-0.353   0.150+-0.188   0.151+-0.178   0.150+-0.188
P  23606-23607    2  1033553  2.374  2.380 |  0.217+-0.238   0.343+-0.221   0.375+-0.421   0.343+-0.221
P  23608-23609    2  1019881  2.374  2.380 |  0.857+-0.381   0.500+-0.136   0.499+-0.137   0.500+-0.136
P  23610-23611    2  1015383  2.374  2.380 |  0.280+-0.509   0.348+-0.193   0.303+-0.165   0.348+-0.193
P  23612-23614    2  1061612  2.379  2.380 |  0.547+-0.223   0.456+-0.111   0.413+-0.102   0.456+-0.111
P  23615-23617    3  1468183  2.379  2.380 |    nan+-nan   0.616+-0.296   0.445+-0.178   0.616+-0.296
P  23618-23620    3  1462601  2.379  2.380 |    nan+-nan     nan+-nan   0.365+-0.724     nan+-nan
P  23621-23623    3  1461625  2.383  2.380 |  0.774+-0.409   0.402+-0.208   0.340+-0.163   0.402+-0.208
P  23624-23625    2  1019863  2.384  2.380 |  0.707+-0.211   0.410+-0.106   0.410+-0.108   0.410+-0.106
P  23626-23627    2  1058453  2.384  2.380 |  1.423+-0.737   0.181+-0.228   0.370+-0.363   0.181+-0.228
P  23628-23629    2  1060392  2.381  2.380 |  0.797+-0.552   0.701+-0.561   0.595+-0.220   0.701+-0.561
P  23630-23631    2  1034368  2.376  2.380 |  0.946+-0.413   0.343+-0.217   0.368+-0.221   0.343+-0.217
P  23632-23633    2  1031928  2.376  2.380 |  0.192+-0.636   0.065+-0.212     nan+-nan   0.065+-0.212
P  23634-23635    2  1019643  2.374  2.380 |    nan+-nan   0.999+-4.460  -0.425+-0.485   0.999+-4.460
P  23636-23637    2  1015514  2.392  2.380 |  1.770+-0.450     nan+-nan     nan+-nan     nan+-nan
P  23638-23640    3  1022140  2.388  2.380 |  1.017+-0.570   0.309+-0.177   0.307+-0.180   0.309+-0.177
P  23641-23642    2  1030965  2.381  2.380 |  0.925+-0.614   0.340+-0.321   0.224+-0.272   0.340+-0.321
P  23643-23644    2  1006891  2.384  2.380 |  1.086+-0.392   0.335+-0.217   0.766+-0.324   0.335+-0.217
P  23645-23646    2  1049691  2.387  2.380 |  0.921+-0.424   0.378+-0.091   0.432+-0.349   0.378+-0.091
P  23647-23648    2  1063368  2.378  2.380 |  0.405+-0.357   0.278+-0.217   0.282+-0.198   0.278+-0.217
P  23650-23651    2  1122107  2.378  2.380 |  0.301+-0.249   0.328+-0.228   0.314+-0.195   0.328+-0.228
P  23652-23653    2  1128896  2.378  2.380 |  1.556+-0.500   1.176+-0.343     nan+-nan   1.176+-0.343
P  23654-23655    2  1107664  2.381  2.380 |  0.233+-0.395   0.460+-0.215   0.569+-0.264   0.460+-0.215
P  23656-23657    2  1099837  2.378  2.380 | -0.370+-0.359     nan+-nan  -0.386+-0.220     nan+-nan
P  23658-23659    2  1096490  2.379  2.380 |  0.869+-0.443   0.475+-0.150   0.546+-0.171   0.475+-0.150
P  23660-23661    2  1189721  2.381  2.380 |  1.569+-1.481   0.364+-0.172   0.350+-0.157   0.364+-0.172
P  23663-23664    2  1100801  2.382  2.380 |  2.107+-1.096   0.081+-0.175   0.095+-0.162   0.081+-0.175
P  23665-23666    2  1107980  2.384  2.380 |  1.305+-0.481     nan+-nan   0.941+-1.471     nan+-nan
P  23667-23668    2  1096715  2.387  2.380 |  2.179+-0.520   0.446+-0.132   0.535+-0.222   0.446+-0.132
P  23669-23670    2  1089952  2.378  2.380 |  1.673+-0.846   0.277+-0.113   0.244+-0.126   0.286+-0.137
P  23671-23672    2  1076302  2.378  2.380 |  3.704+-1.590     nan+-nan     nan+-nan     nan+-nan
P  23673-23674    2  1103623  2.376  2.380 |    nan+-nan   0.101+-0.337   0.111+-0.294   0.101+-0.337
P  23675-23676    2  1115287  2.369  2.380 |  0.577+-0.286   0.126+-0.180   0.146+-0.184   0.126+-0.180
P  23677-23678    2  1125720  2.375  2.380 |  1.495+-0.817   0.133+-0.175   0.149+-0.143   0.133+-0.175
P  23679-23680    2  1110058  2.377  2.380 |  1.178+-0.799   3.469+-9.945     nan+-nan   3.469+-9.945
P  23681-23682    2  1113099  2.378  2.380 |  0.653+-0.768   0.186+-0.444   0.223+-0.219   0.186+-0.444
P  23683-23684    2  1093368  2.376  2.380 |  0.040+-0.290   0.072+-0.277   0.020+-0.206   0.072+-0.277
P  23685-23687    3  1064653  2.387  2.380 | -0.012+-0.485   0.189+-0.291   0.299+-0.691   0.189+-0.291
P  23688-23689    2  1096846  2.379  2.380 |  0.511+-0.265   0.755+-0.151   0.748+-0.153   0.755+-0.151
P  23690-23691    2  1082880  2.383  2.380 |  0.294+-0.323   0.266+-0.248   0.268+-0.261   0.266+-0.248
P  23692-23693    2  1084032  2.376  2.380 |  0.762+-0.487   0.877+-0.162   0.807+-0.247   0.877+-0.162
P  23694-23695    2  1087172  2.371  2.380 |    nan+-nan   0.448+-0.129   0.465+-0.134   0.448+-0.129
P  23696-23697    2  1042793  2.377  2.380 |  0.611+-0.319   0.434+-0.309   0.281+-0.207   0.434+-0.309
P  23698-23700    3  1449459  2.373  2.380 |  1.060+-0.590   0.422+-0.199   0.496+-0.226   0.422+-0.199
P  23701-23703    3  1270568  2.375  2.380 |  1.557+-0.929   0.075+-0.168   0.101+-0.163   0.075+-0.168
P  23704-23706    3  1456937  2.372  2.380 |  0.521+-0.245   0.367+-0.134   0.384+-0.117   0.367+-0.134
P  23707-23709    3  1497351  2.376  2.380 |  0.229+-0.257   0.333+-0.304   0.245+-0.235   0.333+-0.304
P  23711-23713    3  1469538  2.372  2.380 |  1.079+-0.379   0.594+-0.232   0.373+-0.188   0.594+-0.232
P  23714-23715    2  1063787  2.380  2.380 |  0.704+-0.770     nan+-nan   0.384+-0.375     nan+-nan
P  23716-23726    4  1073865  2.373  2.380 |  0.274+-0.228  -0.106+-0.191   0.149+-0.384  -0.106+-0.191
P  23727-23731    5  1003150  2.369  2.380 |  0.376+-0.075   0.389+-0.081   0.338+-0.067   0.389+-0.081
P  23732-23740    6  1077457  2.364  2.380 |  0.579+-0.080   0.408+-0.061   0.457+-0.069   0.408+-0.061
P  23742-23756    8  1081069  2.371  2.380 |  0.617+-0.089   0.422+-0.061   0.392+-0.055   0.422+-0.061
P  23757-23760    4  1050839  2.377  2.380 |  1.866+-0.527     nan+-nan   1.231+-0.604     nan+-nan
P  23761-23764    4  1009054  2.378  2.380 |  0.343+-0.275   0.386+-0.284   0.296+-0.184   0.386+-0.284
P  23766-23769    3  1044904  2.379  2.380 |  1.632+-0.974   0.013+-0.277   0.044+-0.222   0.013+-0.277
P  23770-23772    3  1088042  2.376  2.380 |  0.739+-0.314   0.065+-0.237   0.022+-0.270   0.065+-0.237
P  23773-23775    3  1087037  2.381  2.380 |  1.303+-0.482     nan+-nan     nan+-nan     nan+-nan
P  23776-23778    3  1097280  2.378  2.380 |  1.490+-0.376   0.214+-0.151   0.261+-0.125   0.214+-0.151
P  23779-23782    3  1116484  2.377  2.380 |  0.830+-0.375   0.337+-0.123   0.326+-0.127   0.337+-0.123
P  23783-23785    3  1076765  2.380  2.380 |  1.037+-3.160   0.285+-0.117   0.269+-0.122   0.285+-0.117
P  23786-23788    3  1114998  2.381  2.380 |    nan+-nan  -0.255+-0.323  -0.248+-0.297  -0.255+-0.323
P  23789-23791    3  1007382  2.384  2.380 |  0.850+-0.328   0.638+-0.769   0.503+-0.543   0.638+-0.769
P  23792-23795    4  1413311  2.384  2.380 |    nan+-nan   0.308+-0.116   0.319+-0.113   0.308+-0.116
H  22013-22138   83  1079226  3.903  3.650 |    nan+-nan     nan+-nan     nan+-nan     nan+-nan
H  22144-22182   14  1067223  3.791  3.650 |    nan+-nan     nan+-nan     nan+-nan     nan+-nan
H  22183-22186    4  1069880  3.657  3.650 |    nan+-nan   3.632+-0.822   3.647+-1.426   3.499+-1.009
H  22187-22192    6  1104009  3.655  3.650 |    nan+-nan     nan+-nan     nan+-nan     nan+-nan
H  22193-22206   10  1046794  3.658  3.650 |    nan+-nan     nan+-nan     nan+-nan     nan+-nan
H  22207-22223   10  1062188  3.644  3.650 |    nan+-nan     nan+-nan     nan+-nan     nan+-nan
H  22224-22240    9  1014795  3.689  3.650 |    nan+-nan     nan+-nan     nan+-nan     nan+-nan
H  22241-22253   10  1097795  3.664  3.650 |    nan+-nan     nan+-nan     nan+-nan     nan+-nan
H  22255-22266   10  1026310  3.657  3.650 |    nan+-nan     nan+-nan     nan+-nan   3.787+-0.386
H  22267-22277   10  1082680  3.649  3.650 |    nan+-nan     nan+-nan     nan+-nan     nan+-nan
H  22278-22295   13  1032032  3.649  3.650 |    nan+-nan     nan+-nan     nan+-nan     nan+-nan
H  22296-22307   10  1019105  3.661  3.650 |    nan+-nan     nan+-nan     nan+-nan     nan+-nan
H  22308-22327   10  1003697  3.662  3.650 |    nan+-nan     nan+-nan     nan+-nan     nan+-nan
H  22328-22340   11  1012175  3.685  3.650 |    nan+-nan     nan+-nan     nan+-nan     nan+-nan
H  22341-22352   10  1002461  3.644  3.650 |    nan+-nan   3.429+-0.303   3.436+-0.441   3.350+-0.407
H  22353-22381   19  1017489  3.642  3.650 |    nan+-nan     nan+-nan     nan+-nan     nan+-nan
H  22382-22393   11  1091991  3.616  3.650 |    nan+-nan     nan+-nan     nan+-nan     nan+-nan
H  22395-22407   10  1089412  3.621  3.650 |    nan+-nan     nan+-nan     nan+-nan   3.834+-0.230
H  22408-22421   11  1092093  3.600  3.650 |    nan+-nan     nan+-nan     nan+-nan     nan+-nan
H  22422-22433   10  1013902  3.594  3.650 |    nan+-nan     nan+-nan     nan+-nan   3.986+-0.250
H  22434-22446   11  1070738  3.653  3.650 |    nan+-nan   3.972+-0.213     nan+-nan     nan+-nan
H  22447-22464   11  1003174  3.673  3.650 |    nan+-nan     nan+-nan   3.941+-0.416     nan+-nan
H  22465-22480   13  1148378  3.640  3.650 |    nan+-nan     nan+-nan     nan+-nan     nan+-nan
H  22590-22601    8  1145180  3.886  3.840 |  2.409+-0.374   1.443+-0.310   1.165+-0.277   1.153+-0.257
H  22602-22603    2  1259377  3.827  3.840 |  1.870+-0.239   1.839+-0.354   1.222+-0.227   1.243+-0.238
H  22604-22605    2  1312854  3.826  3.840 |  2.289+-0.297   2.522+-0.590   2.151+-0.744   2.428+-1.016
H  22606-22607    2  1334669  3.826  3.840 |  2.168+-0.295   2.018+-0.245   2.134+-0.335   2.105+-0.301
H  22608-22610    3  1363289  3.832  3.840 |  1.724+-0.132   1.199+-0.110   1.029+-0.101   0.953+-0.095
H  22611-22614    3  1057181  3.843  3.840 |  1.680+-0.111   1.185+-0.093   1.109+-0.098   1.115+-0.097
H  22615-22617    3  1575801  3.852  3.840 |  2.522+-0.208   2.117+-0.204   1.544+-0.153   1.568+-0.155
H  22618-22619    2  1270438  3.857  3.840 |  1.827+-0.364   1.070+-0.289   0.852+-0.218   0.833+-0.219
H  22620-22621    2  1283258  3.843  3.840 |  3.104+-0.421   2.201+-0.301   1.619+-0.209   1.556+-0.198
H  22622-22623    2  1197040  3.860  3.840 |  2.272+-0.333   1.815+-0.248   1.698+-0.298   1.622+-0.261
H  22624-22625    2  1259521  3.847  3.840 |  1.894+-0.313   1.768+-0.403   1.215+-0.263   1.230+-0.261
H  22630-22631    2  1219970  3.829  3.840 |  2.503+-0.257   3.056+-0.588   2.931+-0.685   3.270+-0.939
H  22632-22633    2  1256599  3.841  3.840 |  2.494+-0.335   1.701+-0.198   1.497+-0.181   1.540+-0.181
H  22634-22635    2  1269679  3.841  3.840 |  2.048+-0.222   2.174+-0.267   1.870+-0.265   1.851+-0.266
H  22636-22637    2  1250917  3.840  3.840 |  2.276+-0.213   2.218+-0.267   1.824+-0.227   1.811+-0.229
H  22638-22639    2  1252472  3.842  3.840 |  2.879+-0.298   2.120+-0.280   1.508+-0.181   1.557+-0.183
H  22640-22641    2  1171624  3.850  3.840 |  2.737+-0.292   2.806+-0.339   2.170+-0.235   2.201+-0.236
H  22642-22643    2  1192002  3.851  3.840 |  2.159+-0.201   2.004+-0.202   1.766+-0.190   1.935+-0.228
H  22644-22646    2  1260501  3.835  3.840 |  2.145+-0.261   1.757+-0.250   1.552+-0.234   1.681+-0.268
H  22647-22648    2  1263772  3.865  3.840 |  2.598+-0.340   2.111+-0.300   1.612+-0.222   1.677+-0.235
H  22649-22650    2  1223515  3.856  3.840 |  3.132+-0.292   3.187+-0.397   3.289+-0.536   3.210+-0.444
H  22651-22652    2  1129629  3.846  3.840 |  1.874+-0.246   1.728+-0.251     nan+-nan   1.609+-0.265
H  22654-22656    2  1289031  3.843  3.840 |  2.231+-0.260   2.168+-0.251   1.999+-0.237   1.999+-0.236
H  22658-22659    2  1220755  3.852  3.840 |  2.111+-0.283   1.771+-0.248   1.386+-0.199   1.478+-0.211
H  22660-22660    1   611382  3.864  3.840 |  2.615+-0.289     nan+-nan     nan+-nan     nan+-nan
H  22661-22662    2  1196913  1.892  1.890 |  1.779+-0.211   1.816+-0.270   1.569+-0.240   1.651+-0.260
H  22663-22664    2  1120669  1.899  1.890 |  3.005+-0.361   3.146+-0.705   2.336+-0.351   2.276+-0.347
H  22665-22666    2  1159485  1.889  1.890 |  2.189+-0.351   1.780+-0.344   1.069+-0.206   1.196+-0.219
H  22667-22668    2  1125259  1.889  1.890 |  2.409+-0.305   1.669+-0.231   1.579+-0.227   1.609+-0.222
H  22669-22670    2  1023520  1.878  1.890 |  2.434+-0.276   2.206+-0.307   1.917+-0.306   1.431+-0.193
H  22671-22672    2  1122607  1.892  1.890 |  2.405+-0.421   1.495+-0.322   1.363+-0.377   1.391+-0.349
H  22673-22674    2  1148584  1.862  1.890 |  2.616+-0.344   1.741+-0.349   1.224+-0.199   1.218+-0.205
H  22675-22676    2  1174102  1.901  1.890 |  2.280+-0.313   2.307+-0.421   2.660+-0.802   2.681+-0.819
H  22679-22680    2  1336864  1.916  1.890 |  2.974+-0.312   2.343+-0.323   1.755+-0.242   1.786+-0.243
H  22681-22682    2  1239340  1.906  1.890 |  2.469+-0.216   2.276+-0.228   2.081+-0.227   2.121+-0.237
H  22683-22689    2  1265942  1.905  1.890 |  2.858+-0.361   2.357+-0.328   2.542+-0.530   2.446+-0.516
H  22691-22693    2  1343631  1.903  1.890 |  2.715+-0.328     nan+-nan     nan+-nan     nan+-nan
H  22694-22696    2  1244978  1.902  1.890 |  1.580+-0.298   0.887+-0.219   0.674+-0.215   0.672+-0.210
H  22697-22698    2  1330074  1.901  1.890 |  0.528+-0.431  -0.379+-0.223  -0.407+-0.197  -0.411+-0.201
H  22699-22700    2  1589776  1.881  1.890 |  2.328+-0.306   1.965+-0.403   2.025+-0.785   1.534+-0.459
H  22701-22702    2  1627318  1.892  1.890 |  2.251+-0.437   1.957+-0.536   1.957+-0.431   1.915+-0.440
H  22703-22704    2  1600474  1.879  1.890 |  0.969+-0.210   0.800+-0.194   0.773+-0.207   0.772+-0.203
H  22707-22708    2  1014864  1.915  1.890 |  1.694+-0.359   1.331+-0.363   1.001+-0.352   0.939+-0.305
H  22709-22710    2  1297098  1.907  1.890 |  1.445+-0.244   1.098+-0.236   0.837+-0.191   0.850+-0.190
H  22711-22722    4  1632412  3.126  1.890 |  2.094+-0.261   2.355+-0.465   2.308+-0.498   2.030+-0.349
H  22723-22724    2  1728437  3.797  1.890 |  1.820+-0.239     nan+-nan   1.401+-0.319   1.330+-0.323
H  22725-22726    2  1884074  3.843  1.890 |  1.671+-0.261   1.083+-0.360   1.064+-0.254   1.132+-0.253
H  22727-22727    1  1144058  3.784  1.890 |  2.050+-0.275     nan+-nan   1.806+-0.264   1.796+-0.307
H  22728-22730    2  1589627  3.786  1.890 |  2.525+-0.379   3.071+-0.515   2.057+-0.332   2.015+-0.321
H  22732-22733    2  1686558  3.788  1.890 |  1.608+-0.275     nan+-nan   1.210+-0.246   1.165+-0.248
H  22735-22737    2  1710472  3.792  1.890 |  1.769+-0.413     nan+-nan   0.744+-0.196   0.736+-0.195
H  22739-22740    2  1671593  3.787  1.890 |  1.805+-0.333     nan+-nan   0.998+-0.239   0.965+-0.233
H  22741-22743    2  1912868  3.785  1.890 |  1.647+-0.306     nan+-nan   0.900+-0.200   0.942+-0.207
H  22744-22744    1  1058512  3.795  1.890 |  1.705+-0.250   3.176+-0.554   1.267+-0.225   1.268+-0.226
H  22745-22745    1  1064947  3.800  3.820 |  2.094+-0.384   1.308+-0.425   0.551+-0.223   0.524+-0.228
H  22746-22746    1  1049980  3.802  3.820 |  1.602+-0.447   1.561+-0.727   0.798+-0.524   0.556+-0.407
H  22747-22747    1  1050338  3.800  3.820 |  1.236+-0.266   0.633+-0.220   0.576+-0.233   0.482+-0.228
H  22748-22748    1  1064902  3.802  3.820 |  2.352+-0.414   2.337+-0.736   1.557+-0.601     nan+-nan
H  22750-22750    1  1041566  3.791  3.820 |  2.399+-0.622   1.173+-0.341   1.231+-0.326   1.185+-0.288
H  22751-22751    1  1037352  3.806  3.820 |  1.966+-0.391   1.065+-0.276   0.862+-0.255   0.860+-0.260
H  22752-22752    1  1066110  3.805  3.820 |  2.031+-0.877   0.790+-0.602  -0.027+-0.413   0.055+-0.320
H  22754-22755    2  1033501  3.801  3.820 |  2.167+-0.307   2.126+-0.468   3.394+-3.186   2.121+-0.406
H  22756-22756    1  1027608  3.786  3.820 |  1.869+-0.282   2.624+-1.132   1.300+-0.383   1.335+-0.423
H  22757-22757    1  1043039  3.782  3.820 |  3.100+-1.354     nan+-nan     nan+-nan     nan+-nan
H  22758-22758    1  1034762  3.788  3.820 |  1.629+-0.462   0.643+-0.350   0.729+-0.299   0.773+-0.369
H  22759-22760    2  2006817  3.796  3.820 |  2.302+-0.304   2.512+-0.336   2.890+-0.804   2.734+-0.652
H  22761-22762    2  2022986  3.792  3.820 |  1.660+-0.237   2.001+-0.437   1.150+-0.299   0.978+-0.243
H  22763-22763    1  1015958  3.796  3.820 |  2.248+-0.344   2.292+-0.508   3.470+-1.741   2.137+-0.644
H  22764-22765    2  1990381  3.791  3.820 |  1.904+-0.260   1.230+-0.192   1.371+-0.204   1.379+-0.229
H  22766-22767    2  1975052  3.794  3.820 |  2.113+-0.256   1.707+-0.219   1.348+-0.194   1.362+-0.209
H  22768-22769    2  2001453  3.794  3.820 |  1.940+-0.232   1.161+-0.174   1.135+-0.182   1.125+-0.185
H  22770-22771    2  1966625  3.791  3.820 |  1.812+-0.292   0.930+-0.250   1.191+-0.392   1.054+-0.311
H  22772-22773    2  1963646  3.837  3.820 |  1.875+-0.290   1.990+-0.389   1.202+-0.282   1.143+-0.242
H  22774-22775    2  1992511  3.821  3.820 |  1.276+-0.208   0.984+-0.191   0.865+-0.188   0.913+-0.193
H  22776-22776    1  1001215  3.846  3.820 |  2.253+-0.630     nan+-nan     nan+-nan     nan+-nan
H  22777-22778    2  1955239  3.830  3.820 |  1.581+-0.205   1.717+-0.260   1.291+-0.238   1.264+-0.224
H  22779-22781    2  2117422  3.857  3.820 |  2.260+-0.360   1.061+-0.252   0.539+-0.184   0.521+-0.179
H  22782-22782    1  1269850  3.799  3.820 |  1.625+-0.337   2.918+-1.702   0.385+-0.254   0.460+-0.265
H  22783-22784    2  1918941  3.841  3.820 |  2.034+-0.238   1.997+-0.315   1.601+-0.353   1.641+-0.323
H  22785-22786    2  1912318  3.822  3.820 |  1.147+-0.204   0.703+-0.164   0.457+-0.144   0.498+-0.145
H  22787-22788    2  1920051  3.834  3.820 |  1.658+-0.211   1.719+-0.263   1.444+-0.253   1.392+-0.253
H  22789-22790    2  1897321  3.831  3.820 |  1.975+-0.285   2.421+-0.529   1.620+-0.328   1.524+-0.299
H  22791-22792    2  1906743  3.836  3.820 |  2.004+-0.400   1.272+-0.259   1.235+-0.313   1.053+-0.260
H  22793-22794    2  1823639  3.813  3.820 |  1.954+-0.264   1.658+-0.356   1.102+-0.238   1.207+-0.292
H  22795-22796    2  1951965  3.820  3.820 |  1.745+-0.276   1.435+-0.272   1.326+-0.293   1.326+-0.293
H  22797-22798    2  1922741  3.811  3.820 |  2.231+-0.355   1.876+-0.554   0.538+-0.190   0.500+-0.186
H  22799-22799    1  1116205  3.796  3.820 |  1.613+-0.230   1.390+-0.269   1.403+-0.316   1.293+-0.308
H  22800-22800    1  1041560  3.849  3.820 |  1.856+-0.549   2.121+-1.854   0.795+-0.670   1.128+-0.945
H  22811-22845    4  1685014  3.806  3.820 |  2.211+-0.245   2.140+-0.306   2.411+-0.741   2.264+-0.518
H  22846-22847    2  1589003  3.793  3.820 |  1.377+-0.299   1.490+-0.385   0.967+-0.287   1.111+-0.342
H  22848-22849    2  1041384  3.799  3.820 |  2.143+-0.245   2.001+-0.297   1.680+-0.257   1.774+-0.293
H  22850-22851    2  1579278  3.810  3.820 |  1.886+-0.330   2.208+-0.818   2.573+-1.512   2.581+-2.093
H  22852-22853    2  1569534  3.790  3.820 |  2.171+-0.366   1.588+-0.499   1.057+-0.288   0.867+-0.259
H  22854-22855    2  1558093  3.807  3.820 |  1.394+-0.236   1.266+-0.279   0.967+-0.274   1.022+-0.290
H  22856-22857    2  1566012  3.780  3.820 |  1.949+-0.250   2.047+-0.242   1.996+-0.278   2.226+-0.342
H  22858-22859    2  1548605  3.796  3.820 |  2.124+-0.353   2.596+-0.935   1.115+-0.393   0.959+-0.325
H  22860-22861    2  1559576  3.785  3.820 |  2.042+-0.290   1.886+-0.291   1.834+-0.322   1.866+-0.338
H  22862-22863    2  1553041  3.760  3.820 |  2.382+-0.458   1.849+-0.555   1.172+-0.294   1.152+-0.296
H  22864-22865    2  1537642  3.755  3.820 |  2.090+-0.286   1.845+-0.356   1.411+-0.265   1.331+-0.262
H  22866-22867    2  1557452  3.748  3.820 |  1.557+-0.236   1.688+-0.327   1.675+-0.356   1.563+-0.344
H  22868-22869    2  1563219  3.747  3.820 |  1.767+-0.247   1.363+-0.228   1.367+-0.231   1.352+-0.242
H  22870-22871    2  1504501  3.741  3.820 |  1.712+-0.285   1.163+-0.245   0.969+-0.219   0.941+-0.236
H  22873-22874    2  1508508  3.747  3.820 |  1.749+-0.258   1.845+-0.346   1.902+-0.476   1.881+-0.432
H  22875-22877    2  1471940  3.756  3.820 |  2.061+-0.285   1.624+-0.278   1.449+-0.323   1.445+-0.336
H  22878-22879    2  1410086  3.746  3.820 |  2.592+-0.481   2.315+-0.773   1.565+-0.356   1.535+-0.390
H  22880-22883    4  1669963  3.743  3.820 |  1.412+-0.230   1.172+-0.290   0.730+-0.208   0.750+-0.234
H  22884-22885    2  1468955  3.756  3.820 |  1.715+-0.573     nan+-nan   0.740+-0.612  -0.052+-0.379
H  22886-22887    2  1494616  3.749  3.820 |  1.808+-0.259   1.987+-0.415   1.654+-0.353   1.754+-0.380
H  22888-22889    2  1456821  3.803  3.820 |  1.652+-0.258   1.520+-0.294   1.211+-0.279   1.230+-0.293
H  22890-22892    2  1377810  3.793  3.820 |  2.000+-0.249   1.818+-0.316   1.318+-0.366   1.263+-0.387
H  22893-22894    2  1324450  3.789  3.820 |  1.721+-0.277   1.296+-0.326   0.953+-0.239   0.850+-0.233
H  22895-22896    2  1296771  3.801  3.820 |  2.825+-0.653   0.708+-0.220   0.451+-0.166   0.479+-0.181
H  22897-22898    2  1350935  3.795  3.820 |  2.064+-0.401   2.268+-1.013   1.349+-0.493   1.298+-0.428
H  22900-22902    2  1386207  3.815  3.820 |  2.207+-0.345   1.267+-0.323   1.005+-0.343   1.039+-0.350
H  22903-22905    2  1440603  3.802  3.820 |  2.059+-0.279   2.280+-0.365   2.194+-0.719   1.270+-1.894
H  22907-22912    2  1431459  3.803  3.820 |  1.773+-0.367   0.744+-0.206   0.615+-0.182   0.559+-0.180
H  22915-22916    2  1437585  3.792  3.820 |  2.287+-0.513   1.698+-0.703   1.216+-0.364   1.170+-0.339
H  22917-22918    2  1416271  3.785  3.820 |  1.524+-0.240   1.177+-0.258   1.208+-0.272   1.165+-0.266
H  22919-22920    2  1414427  3.801  3.820 |  1.771+-0.275   1.730+-0.381   0.837+-0.198   0.748+-0.185
H  22921-22922    2  1417665  3.798  3.820 |  2.066+-0.271   1.684+-0.272   1.732+-0.272   1.718+-0.287
H  22923-22924    2  1401749  3.778  3.820 |  2.009+-0.329   1.129+-0.224   1.025+-0.241   1.042+-0.260
H  22925-22927    2  1409554  3.790  3.820 |  2.088+-0.334   1.214+-0.248   0.843+-0.186   0.825+-0.195
H  22928-22930    2  1395180  3.802  3.820 |  2.053+-0.327   1.911+-0.449   1.820+-0.565   1.752+-0.479
H  22931-22933    2  1383536  3.808  3.820 |  1.939+-0.299   1.760+-0.291   2.078+-0.775   2.172+-0.841
H  22934-22936    2  1468767  3.815  3.820 |  2.076+-0.266   2.223+-0.447   2.504+-0.571   2.366+-0.512
H  22939-22943    4  1484639  3.806  3.820 |  2.511+-0.266   2.276+-0.406   1.809+-0.523   1.809+-0.523
H  22944-22946    2  1740856  3.821  3.820 |  1.805+-0.235   1.465+-0.243   1.129+-0.214   1.129+-0.214
H  22947-22948    2  1490314  3.827  3.820 |  2.130+-0.425   2.188+-0.465   1.975+-0.573   1.239+-0.306
H  22949-22950    2  1493303  3.783  3.820 |  2.010+-0.415   1.864+-0.504   1.430+-0.413   1.405+-0.362
H  22951-22952    2  1471261  3.808  3.820 |  1.993+-0.483   1.766+-0.508   0.653+-0.249   0.652+-0.246
H  22953-22954    2  1435948  3.804  3.820 |  1.842+-0.257   1.255+-0.217   1.227+-0.280   1.199+-0.273
H  22955-22956    2  1452168  3.803  3.820 |  2.255+-0.322   1.991+-0.578   1.215+-0.292   1.204+-0.295
H  22957-22958    2  1415930  3.804  3.820 |  1.929+-0.270   1.520+-0.292   0.699+-0.180   0.728+-0.179
H  22959-22961    3  1170149  3.820  3.820 |  1.670+-0.341   0.947+-0.262   0.772+-0.263   0.789+-0.258
H  22962-22963    2  1376766  3.800  3.820 |  1.781+-0.255   2.191+-0.465   2.291+-0.473   2.221+-0.549
H  22964-22967    3  1667502  3.877  3.820 |  1.806+-0.236   2.019+-0.359   1.427+-0.298   1.600+-0.353
H  22968-22969    2  1460993  3.837  3.820 |  1.380+-0.309   1.523+-0.405   1.218+-0.437   1.181+-0.404
H  22970-22971    2  1443352  3.845  3.820 |  1.868+-0.267   1.563+-0.222   1.540+-0.275   1.499+-0.288
H  22972-22973    2  1339377  3.867  3.820 |  2.456+-0.321   2.213+-0.414   1.625+-0.411   1.632+-0.377
H  22974-22975    2  1379383  3.855  3.820 |  2.260+-0.360   1.898+-0.353   1.468+-0.360   1.601+-0.396
H  22976-22977    2  1443913  3.847  3.820 |  1.364+-0.279   1.955+-0.588   1.952+-1.001   1.242+-0.920
H  22978-22979    2  1386759  3.846  3.820 |  1.801+-0.234   1.944+-0.432   1.140+-0.270   1.175+-0.284
H  22980-22981    2  1407054  3.855  3.820 |  1.738+-0.326   1.055+-0.233   0.962+-0.221   0.953+-0.222
H  22982-22983    2  1417894  3.841  3.820 |  1.413+-0.216   0.928+-0.183   0.865+-0.200   0.866+-0.197
H  22984-22985    2  1417691  3.858  3.820 |  2.155+-0.371   1.179+-0.248   0.831+-0.192   0.956+-0.213
H  22986-22987    2  1418621  3.857  3.820 |  2.005+-0.353   1.943+-0.415   0.931+-0.256   1.028+-0.254
H  22988-22991    2  1657315  3.824  3.820 |  1.341+-0.257   1.410+-0.333   0.602+-0.178   0.603+-0.178
H  22994-22996    2  1426843  3.829  3.820 |  2.021+-0.366   1.098+-0.275   1.427+-0.478   1.364+-0.420
H  22997-22998    2  1424550  3.840  3.820 |  1.404+-0.264   1.008+-0.278   0.897+-0.325   0.879+-0.268
H  22999-23000    2  1408558  3.829  3.820 |  1.903+-0.237   1.789+-0.257   1.512+-0.344   1.520+-0.295
H  23001-23002    2  1371416  3.829  3.820 |  2.810+-0.414   3.023+-0.602     nan+-nan   2.668+-0.591
H  23003-23004    2  1379729  3.833  3.820 |  1.382+-0.335   0.883+-0.247   0.923+-0.291   0.970+-0.273
H  23005-23006    2  1367679  3.827  3.820 |  2.178+-0.354   1.655+-0.280   1.508+-0.365   1.618+-0.421
H  23007-23008    2  1350339  3.849  3.820 |  1.729+-0.278   1.644+-0.271   1.806+-0.527   1.743+-0.485
H  23009-23010    2  1359088  3.838  3.820 |  1.623+-0.266   1.542+-0.284   1.501+-0.292   1.634+-0.376
H  23011-23012    2  1372053  3.841  3.820 |  1.286+-0.338   0.968+-0.294   0.802+-0.297   0.785+-0.281
H  23014-23019    5  1174333  3.841  3.820 |  2.422+-0.393   1.601+-0.429   0.926+-0.323   1.030+-0.301
H  23020-23022    3  1081898  3.815  3.820 |  1.285+-0.286   1.159+-0.308   1.253+-0.346   1.161+-0.276
H  23023-23025    3  1045784  3.810  3.820 |  1.485+-0.352   1.007+-0.291   0.925+-0.237   0.911+-0.268
H  23026-23030    3  1029584  3.805  3.820 |  2.510+-0.313   2.286+-0.702   2.552+-1.380   2.952+-1.840
H  23031-23033    3  1026666  3.814  3.820 |  1.983+-0.447   2.788+-1.148   1.977+-0.665   2.228+-1.206
H  23034-23036    3  1019034  3.817  3.820 |  3.039+-0.452   2.774+-0.803     nan+-nan     nan+-nan
H  23037-23041    4  1736869  3.846  3.820 |  2.618+-0.317   2.191+-0.354   2.093+-0.424   2.200+-0.470
H  23042-23044    3  1093890  3.825  3.820 |  2.811+-0.367   1.728+-1.862   1.937+-0.837   1.124+-0.351
H  23045-23047    3  1091921  3.808  3.820 |  2.260+-0.437   1.995+-0.631   1.980+-0.653   1.525+-0.638
H  23048-23050    3  1101233  3.810  3.820 |  2.489+-0.354   3.044+-1.024     nan+-nan     nan+-nan
H  23051-23055    4  1303154  3.825  3.820 |  1.882+-0.373   1.828+-0.527   2.917+-1.882     nan+-nan
H  23056-23059    4  1310786  3.811  3.820 |  2.905+-0.552   1.969+-0.470   2.034+-0.512   3.086+-1.778
H  23060-23063    4  1296895  3.828  3.820 |  2.438+-0.402   2.216+-0.441   2.428+-0.789   1.416+-0.266
H  23065-23067    3  1084615  3.790  3.820 |  2.351+-0.270   2.910+-0.879     nan+-nan     nan+-nan
H  23068-23071    4  1317810  3.810  3.820 |  3.144+-0.374   3.065+-0.446   2.949+-0.735     nan+-nan
H  23072-23074    3  1055254  3.810  3.820 |  2.410+-0.431   2.460+-0.512     nan+-nan     nan+-nan
H  23076-23078    3  1028983  3.825  3.820 |  1.884+-0.577   1.931+-0.643   2.159+-1.891   2.324+-2.496
H  23079-23081    3  1027394  3.838  3.820 |  2.249+-0.321   2.137+-0.522     nan+-nan     nan+-nan
H  23082-23087    3  1308789  3.845  3.820 |    nan+-nan   3.496+-0.918     nan+-nan     nan+-nan
H  23089-23091    3  1025422  3.816  3.820 |  3.048+-0.481   2.240+-0.336   2.392+-0.535   2.398+-0.539
H  23092-23095    4  1306380  3.801  3.820 |  2.298+-0.403   2.498+-0.644   2.161+-0.539   2.326+-0.962
H  23096-23098    3  1082396  3.789  3.820 |  2.395+-0.526   2.755+-1.609   1.546+-0.495   1.799+-0.608
H  23099-23101    3  1110773  3.809  3.820 |  1.839+-0.299   1.858+-0.328   1.851+-0.358   1.858+-0.367
H  23103-23104    2  1161688  3.851  3.820 |  2.728+-0.312   2.523+-0.345   2.743+-0.666   2.963+-0.843
H  23105-23110    6  1213098  3.822  3.820 |  1.239+-0.141   0.707+-0.121   0.432+-0.106   0.442+-0.107
H  23111-23129    7  1281477  3.809  3.820 |  2.253+-0.302   2.139+-0.326   2.066+-0.528   2.319+-0.681
H  23131-23138    5  1683914  3.843  3.820 |  2.056+-0.273   1.751+-0.377   1.565+-0.390   1.495+-0.377
H  23139-23141    3  1011795  3.828  3.820 |  2.586+-0.397   2.582+-0.352     nan+-nan     nan+-nan
H  23142-23145    4  1289451  3.841  3.820 |  2.654+-0.398   2.654+-0.497   2.812+-0.579   2.746+-0.400
H  23146-23149    4  1269013  3.866  3.820 |  1.928+-0.258   1.724+-0.306   1.423+-0.331   1.353+-0.287
H  23150-23153    4  1330454  3.853  3.820 |  2.729+-0.254     nan+-nan     nan+-nan   3.739+-1.562
H  23154-23156    3  1022755  3.831  3.820 |  2.065+-0.339   2.286+-0.538   2.214+-0.712   2.078+-0.668
H  23157-23159    3  1018217  3.826  3.820 |  2.675+-0.443   2.360+-1.915   1.703+-0.730   1.690+-0.722
H  23160-23163    3  1192166  3.816  3.820 |  2.515+-0.432     nan+-nan   1.180+-0.372   1.175+-0.371
H  23164-23168    4  1321786  3.810  3.820 |  2.050+-0.359   1.433+-0.392   0.963+-0.307   0.870+-0.271
H  23169-23172    4  1319393  3.802  3.820 |  2.276+-0.296   2.137+-0.559   1.033+-0.293   1.073+-0.310
H  23173-23176    4  1331086  3.805  3.820 |  2.268+-0.346     nan+-nan     nan+-nan     nan+-nan
H  23177-23179    3  1004538  3.796  3.820 |  2.145+-0.301   1.672+-0.290   1.564+-0.335   1.521+-0.332
H  23180-23183    4  1333166  3.819  3.820 |    nan+-nan     nan+-nan     nan+-nan     nan+-nan
H  23184-23187    4  1302210  3.814  3.820 |  1.895+-0.295   1.601+-0.304   1.389+-0.304   1.390+-0.303
H  23188-23192    4  1684912  3.849  3.820 |  2.253+-0.268   2.460+-0.593   1.075+-0.260   1.038+-0.240
H  23193-23196    4  1299489  3.836  3.820 |  2.877+-0.402   2.694+-0.642   2.187+-0.581   2.108+-0.432
H  23197-23200    4  1292825  3.837  3.820 |  2.936+-0.340   2.889+-0.497     nan+-nan     nan+-nan
H  23201-23204    4  1302852  3.846  3.820 |  2.168+-0.297   2.685+-0.864   1.287+-0.366   1.218+-0.318
H  23205-23208    4  1057790  3.813  3.820 |  2.708+-0.619   2.779+-1.147   2.722+-0.884   3.322+-2.042
H  23209-23211    3  1041336  3.816  3.820 |  3.088+-0.769     nan+-nan     nan+-nan     nan+-nan
H  23212-23216    3  1252518  3.790  3.820 |  2.449+-0.414   2.342+-0.532   1.603+-0.415   1.749+-0.635
H  23217-23219    3  1024012  3.822  3.820 |  2.845+-0.507     nan+-nan     nan+-nan     nan+-nan
H  23220-23222    3  1017852  3.812  3.820 |  2.030+-0.508   1.043+-0.326   0.764+-0.341   0.757+-0.336
H  23223-23225    3  1013208  3.836  3.820 |  2.162+-0.348   1.953+-0.458   1.555+-1.225   1.439+-2.444
H  23227-23231    5  1240888  3.846  3.820 |  1.925+-0.288   1.944+-0.408   2.028+-0.606   2.044+-0.630
H  23232-23235    3  1243991  3.878  3.820 |  2.428+-0.348   2.750+-0.756   3.005+-1.574   3.141+-1.698
H  23236-23239    4  1222122  3.834  3.820 |  2.485+-0.564   3.821+-3.554   0.546+-0.362   0.542+-0.344
H  23240-23243    4  1227536  3.831  3.820 |  2.792+-0.504   2.607+-0.542   2.453+-0.731   2.399+-0.663
H  23244-23247    4  1223115  3.805  3.820 |  2.333+-0.312   1.969+-0.411   1.016+-0.263   0.902+-0.233
H  23252-23258    6  1219030  3.806  3.820 |  3.535+-0.551   2.769+-0.832   3.524+-1.916     nan+-nan
H  23259-23262    3  1082215  3.797  3.820 |    nan+-nan     nan+-nan     nan+-nan     nan+-nan
H  23263-23265    3  1052451  3.793  3.820 |  2.142+-0.321   1.975+-0.348   1.995+-0.376   1.939+-0.356
H  23266-23269    3  1182113  3.843  3.820 |  0.808+-0.346   0.816+-0.448   1.035+-0.532   0.983+-0.444
H  23270-23273    4  1284915  3.847  3.820 |  1.817+-0.457   2.247+-0.468   2.092+-0.549   2.449+-1.087
H  23274-23277    4  1304983  3.835  3.820 |  2.218+-0.258   2.054+-0.269   2.082+-0.346   2.065+-0.333
H  23278-23281    4  1263368  3.837  3.820 |  2.465+-0.530   2.349+-1.140   1.253+-0.589   1.023+-0.436
H  23283-23284    2  1001960  3.866  3.820 |  1.635+-0.226   1.770+-0.290   1.906+-0.424   1.657+-0.316
H  23285-23289    5  1238782  3.820  3.820 |  2.151+-0.354   1.970+-0.449   1.731+-0.372   1.730+-0.371
H  23290-23293    4  1214518  3.836  3.820 |  2.643+-0.454   2.324+-0.873   1.791+-0.813   1.585+-0.614
H  23294-23297    4  1199888  3.841  3.820 |  1.909+-0.324     nan+-nan   2.824+-1.767   3.947+-3.981
H  23298-23301    4  1172157  3.833  3.820 |  3.082+-0.497   2.303+-0.514   2.339+-0.600     nan+-nan
H  23302-23305    4  1247642  3.853  3.820 |  2.144+-0.377   1.777+-0.479   1.112+-0.339   0.962+-0.290
H  23306-23311    4  1392520  3.837  3.820 |  2.137+-0.424   1.395+-0.402   0.712+-0.286   0.776+-0.274
H  23312-23315    4  1142348  3.817  3.820 |    nan+-nan   2.914+-0.848     nan+-nan     nan+-nan
H  23317-23320    4  1117929  3.810  3.820 |  1.854+-0.320   1.446+-0.304   1.107+-0.292   1.150+-0.319
H  23321-23324    4  1254678  3.809  3.820 |  2.457+-0.357   2.947+-0.808     nan+-nan   1.284+-2.067
H  23325-23328    4  1235964  3.849  3.820 |  2.368+-0.427   1.076+-2.041   2.512+-1.722   1.392+-0.538
H  23329-23332    4  1226525  3.856  3.820 |  3.150+-0.533   2.631+-0.792   2.017+-0.779   2.147+-0.884
H  23333-23337    4  1547382  3.873  3.820 |  1.971+-0.226   1.780+-0.338   1.635+-0.613   1.734+-0.596
H  23338-23341    4  1193114  3.856  3.820 |  2.460+-0.378   1.273+-0.253   1.099+-0.260   1.013+-0.232
H  23342-23345    4  1173500  3.833  3.820 |  2.913+-0.368     nan+-nan     nan+-nan     nan+-nan
H  23346-23350    4  1178580  3.837  3.820 |  2.259+-0.381   1.569+-0.400   0.653+-0.204   0.787+-0.230
H  23351-23354    4  1219533  3.854  3.820 |  1.788+-0.315   0.860+-0.215   0.746+-0.210   0.761+-0.211
H  23355-23358    4  1088607  3.839  3.820 |  2.609+-0.439   2.120+-0.527   2.131+-0.720   1.928+-0.675
H  23359-23362    3  1114747  3.810  3.820 |  2.460+-0.299   2.597+-0.414   2.256+-0.371   2.307+-0.354
H  23363-23366    4  1187736  3.817  3.820 |  2.719+-0.362   2.358+-0.370   2.917+-1.625   2.319+-0.604
H  23367-23370    4  1173878  3.827  3.820 |  2.569+-0.402   2.061+-0.632   0.805+-0.266   0.752+-0.253
H  23371-23374    4  1203230  3.819  3.820 |  3.313+-0.359   3.343+-0.481     nan+-nan   3.544+-0.431
H  23375-23381    4  1212165  3.847  3.820 |  3.496+-0.819     nan+-nan   1.073+-0.292   1.069+-0.305
H  23382-23386    4  1236085  3.809  3.820 |  2.641+-0.240   2.684+-0.324   2.616+-0.373   2.555+-0.329
H  23387-23390    3  1259204  3.835  3.820 |  1.995+-0.412   1.646+-0.591   1.024+-0.335   0.613+-0.276
H  23392-23397    4  1202032  3.815  3.820 |  2.267+-0.570     nan+-nan   0.836+-0.421   1.061+-0.544
H  23398-23401    4  1180575  3.835  3.820 |  2.114+-0.265   1.101+-0.172   1.052+-0.186   1.081+-0.184
H  23402-23418   17  1013336  3.817  3.820 |  1.993+-0.098   1.745+-0.128   1.326+-0.110   1.335+-0.112
H  23419-23422    4  1022968  3.816  3.820 |  2.560+-0.315   2.382+-0.418   2.367+-0.462   2.360+-0.461
H  23423-23433    6  1067252  3.837  3.820 |  2.535+-0.334     nan+-nan   2.158+-0.552   2.168+-0.553
H  23434-23437    4  1092741  3.806  3.820 |  2.665+-0.447     nan+-nan     nan+-nan     nan+-nan
H  23438-23443    6  1059920  3.844  3.820 |  2.556+-0.249   2.469+-0.337   2.504+-0.731   2.266+-0.518
H  23444-23473   18  1078966  3.839  3.820 |  2.047+-0.117   1.473+-0.129   0.889+-0.092   0.862+-0.087
H  23474-23483   10  1075071  3.810  3.820 |  3.132+-0.755   1.782+-0.336     nan+-nan   1.452+-0.276
H  23485-23489    5  1049962  3.806  3.820 |  2.698+-0.773     nan+-nan     nan+-nan     nan+-nan
H  23490-23499   10  1003430  3.832  3.820 |  2.955+-0.775   2.251+-0.763   1.864+-0.700   1.664+-0.657
H  23500-23510   10  1472006  3.815  3.820 |  2.434+-0.322   2.458+-0.472   2.688+-0.763   2.192+-0.373
H  23511-23521   11  1083422  3.817  3.820 |  3.104+-0.431   2.913+-0.460     nan+-nan   3.003+-1.356
H  23522-23533   11  1051199  3.799  3.820 |  2.174+-0.337   2.041+-0.622   2.244+-0.882   2.741+-2.085
H  23534-23542    7  1095118  3.801  3.820 |  1.668+-0.292   1.551+-0.286   1.313+-0.256   1.295+-0.258
H  23543-23553   11  1070022  3.826  3.820 |  2.420+-0.348   1.716+-0.433   1.091+-0.330   1.266+-0.376
H  23554-23560    6  1066460  3.845  3.820 |  2.268+-0.353   2.353+-0.460   2.244+-0.633     nan+-nan
H  23561-23579   10  1085297  3.837  3.820 |  2.012+-0.367   1.045+-0.269   0.999+-0.389   1.022+-0.387
H  23580-23593   10   971350  3.847  3.820 |  3.273+-0.582     nan+-nan     nan+-nan     nan+-nan
H  23597-23608   11  1054075  1.895  1.820 |  2.231+-0.294   1.986+-0.353   1.648+-0.653   2.094+-1.127
H  23609-23617    8  1087147  1.899  1.820 |  1.971+-0.348   1.532+-0.452   0.931+-0.323   0.999+-0.369
H  23618-23628   11  1004931  1.888  1.820 |  2.084+-0.382   1.798+-0.323   1.813+-0.719   1.824+-0.540
H  23629-23638    9  1378533  1.915  1.820 |  2.813+-0.341   3.341+-1.329     nan+-nan     nan+-nan
H  23639-23650   11  1044841  1.856  1.820 |  2.637+-0.466   1.861+-0.387   1.122+-0.260   1.083+-0.245
H  23651-23660   10  1015775  1.823  1.820 |  1.784+-0.380   1.186+-0.282   1.091+-0.320   1.143+-0.328
H  23662-23667    6  1013479  1.836  1.820 |  1.898+-0.700     nan+-nan     nan+-nan   2.907+-2.578
H  23668-23678   11  1098917  1.803  1.820 |  2.653+-0.331   2.521+-0.385   3.002+-1.205   2.968+-0.874
H  23679-23686    7  1271951  1.836  1.820 |    nan+-nan   3.082+-0.501   2.777+-0.501   2.816+-0.498
H  23687-23697   11  1075260  1.798  1.820 |  2.770+-0.293   2.362+-0.383   3.265+-1.331   2.563+-0.629
H  23698-23710   12  1370241  1.755  1.820 |  2.534+-0.320   2.080+-0.338   1.441+-0.265   1.472+-0.277
H  23711-23736   18  1006596  1.740  1.820 |  1.677+-0.179   0.993+-0.186   0.866+-0.174   0.818+-0.172
H  23738-23750    9  1012972  1.736  1.820 |  1.618+-0.117   0.731+-0.092   0.538+-0.076   0.533+-0.077
H  23756-23760    5  1023623  1.791  1.820 |  1.931+-0.275   1.841+-0.437   1.266+-0.366   1.296+-0.320
H  23761-23767    5  1419888  1.785  1.820 |  2.295+-0.304   1.677+-0.291   1.308+-0.261   1.348+-0.291
H  23768-23779   12  1007486  1.776  1.820 |  2.830+-0.253     nan+-nan     nan+-nan     nan+-nan
H  23781-23795   15  1500853  1.780  1.820 |  2.113+-0.255   2.182+-0.450   1.819+-0.534   1.720+-0.456
